Component: ARM Compiler 5.06 update 6 (build 750) Tool: armlink [4d35ed]

==============================================================================

Section Cross References

    main.o(i.LED_Init) refers to stm32f4xx_hal_gpio.o(i.HAL_GPIO_Init) for HAL_GPIO_Init
    main.o(i.commandLED) refers to strcmpv7m.o(.text) for strcmp
    main.o(i.commandLED) refers to usart.o(i.USART_WriteString) for USART_WriteString
    main.o(i.commandLED) refers to stm32f4xx_hal_gpio.o(i.HAL_GPIO_WritePin) for HAL_GPIO_WritePin
    main.o(i.commandLED2) refers to strcmpv7m.o(.text) for strcmp
    main.o(i.commandLED2) refers to usart.o(i.USART_WriteString) for USART_WriteString
    main.o(i.commandLED2) refers to stm32f4xx_hal_gpio.o(i.HAL_GPIO_WritePin) for HAL_GPIO_WritePin
    main.o(i.main) refers to stm32f4xx_hal.o(i.HAL_Init) for HAL_Init
    main.o(i.main) refers to main.o(i.LED_Init) for LED_Init
    main.o(i.main) refers to usart.o(i.USART_Init) for USART_Init
    main.o(i.main) refers to trace.o(i.TRACE_Init) for TRACE_Init
    main.o(i.main) refers to cli.o(i.CLI_AddCommand) for CLI_AddCommand
    main.o(i.main) refers to usart.o(i.USART_WriteString) for USART_WriteString
    main.o(i.main) refers to cli.o(i.CLI_PrintAllCommands) for CLI_PrintAllCommands
    main.o(i.main) refers to tasks.o(i.xTaskGenericCreate) for xTaskGenericCreate
    main.o(i.main) refers to noretval__2printf.o(.text) for __2printf
    main.o(i.main) refers to trace.o(i.TRACE_BindTaskWithTrace) for TRACE_BindTaskWithTrace
    main.o(i.main) refers to tasks.o(i.vTaskStartScheduler) for vTaskStartScheduler
    main.o(i.main) refers to main.o(.constdata) for .constdata
    main.o(i.main) refers to main.o(.data) for .data
    main.o(i.main) refers to main.o(i.taskLED3) for taskLED3
    main.o(i.main) refers to main.o(i.taskCLI) for taskCLI
    main.o(i.main) refers to main.o(i.taskLED) for taskLED
    main.o(i.taskCLI) refers to cli.o(i.CLI_Proc) for CLI_Proc
    main.o(i.taskCLI) refers to tasks.o(i.vTaskDelay) for vTaskDelay
    main.o(i.taskLED) refers to stm32f4xx_hal_gpio.o(i.HAL_GPIO_TogglePin) for HAL_GPIO_TogglePin
    main.o(i.taskLED) refers to tasks.o(i.vTaskDelay) for vTaskDelay
    main.o(i.taskLED2) refers to stm32f4xx_hal_gpio.o(i.HAL_GPIO_TogglePin) for HAL_GPIO_TogglePin
    main.o(i.taskLED2) refers to tasks.o(i.vTaskDelay) for vTaskDelay
    main.o(i.taskLED3) refers to stm32f4xx_hal_gpio.o(i.HAL_GPIO_TogglePin) for HAL_GPIO_TogglePin
    main.o(i.taskLED3) refers to tasks.o(i.vTaskDelay) for vTaskDelay
    main.o(i.taskLED3) refers to tasks.o(i.vTaskDelete) for vTaskDelete
    main.o(.constdata) refers to main.o(.conststring) for .conststring
    main.o(.constdata) refers to main.o(i.commandLED) for commandLED
    main.o(.constdata) refers to main.o(i.commandLED2) for commandLED2
    delay.o(i.delay) refers to delay.o(.data) for .data
    itm_retarget .o(i._ttywrch) refers to itm_retarget .o(i.fputc) for fputc
    itm_retarget .o(i.fgetc) refers to itm_retarget .o(.data) for .data
    ring_buffer.o(i.RingBuffer_Clear) refers to abort.o(.text) for abort
    ring_buffer.o(i.RingBuffer_GetCapacity) refers to abort.o(.text) for abort
    ring_buffer.o(i.RingBuffer_GetChar) refers to abort.o(.text) for abort
    ring_buffer.o(i.RingBuffer_GetLen) refers to abort.o(.text) for abort
    ring_buffer.o(i.RingBuffer_Init) refers to abort.o(.text) for abort
    ring_buffer.o(i.RingBuffer_IsEmpty) refers to abort.o(.text) for abort
    ring_buffer.o(i.RingBuffer_PutChar) refers to abort.o(.text) for abort
    ring_buffer_unit_test.o(i.RingBuffer_UnitTest) refers to _printf_percent.o(.ARM.Collect$$_printf_percent$$00000000) for _printf_percent
    ring_buffer_unit_test.o(i.RingBuffer_UnitTest) refers to _printf_d.o(.ARM.Collect$$_printf_percent$$00000009) for _printf_d
    ring_buffer_unit_test.o(i.RingBuffer_UnitTest) refers to _printf_dec.o(.text) for _printf_int_dec
    ring_buffer_unit_test.o(i.RingBuffer_UnitTest) refers to _printf_i.o(.ARM.Collect$$_printf_percent$$00000008) for _printf_i
    ring_buffer_unit_test.o(i.RingBuffer_UnitTest) refers to noretval__2printf.o(.text) for __2printf
    ring_buffer_unit_test.o(i.RingBuffer_UnitTest) refers to ring_buffer.o(i.RingBuffer_Init) for RingBuffer_Init
    ring_buffer_unit_test.o(i.RingBuffer_UnitTest) refers to ring_buffer.o(i.RingBuffer_PutChar) for RingBuffer_PutChar
    ring_buffer_unit_test.o(i.RingBuffer_UnitTest) refers to ring_buffer.o(i.RingBuffer_GetCapacity) for RingBuffer_GetCapacity
    ring_buffer_unit_test.o(i.RingBuffer_UnitTest) refers to ring_buffer.o(i.RingBuffer_GetLen) for RingBuffer_GetLen
    ring_buffer_unit_test.o(i.RingBuffer_UnitTest) refers to ring_buffer.o(i.RingBuffer_IsEmpty) for RingBuffer_IsEmpty
    ring_buffer_unit_test.o(i.RingBuffer_UnitTest) refers to ring_buffer.o(i.RingBuffer_GetChar) for RingBuffer_GetChar
    ring_buffer_unit_test.o(i.RingBuffer_UnitTest) refers to ring_buffer.o(i.RingBuffer_Clear) for RingBuffer_Clear
[...]
    C:\\Keil_v5\\ARM\\PACK\\Keil\\STM32F4xx_DFP\\2.13.0\\Drivers\\STM32F4xx_HAL_Driver\\Src\\stm32f4xx_hal_pwr.c 0x00000000   Number         0  stm32f4xx_hal_pwr.o ABSOLUTE
    C:\\Keil_v5\\ARM\\PACK\\Keil\\STM32F4xx_DFP\\2.13.0\\Drivers\\STM32F4xx_HAL_Driver\\Src\\stm32f4xx_hal_pwr_ex.c 0x00000000   Number         0  stm32f4xx_hal_pwr_ex.o ABSOLUTE
    C:\\Keil_v5\\ARM\\PACK\\Keil\\STM32F4xx_DFP\\2.13.0\\Drivers\\STM32F4xx_HAL_Driver\\Src\\stm32f4xx_hal_rcc.c 0x00000000   Number         0  stm32f4xx_hal_rcc.o ABSOLUTE
    C:\\Keil_v5\\ARM\\PACK\\Keil\\STM32F4xx_DFP\\2.13.0\\Drivers\\STM32F4xx_HAL_Driver\\Src\\stm32f4xx_hal_rcc_ex.c 0x00000000   Number         0  stm32f4xx_hal_rcc_ex.o ABSOLUTE
    C:\\Keil_v5\\ARM\\PACK\\Keil\\STM32F4xx_DFP\\2.13.0\\Drivers\\STM32F4xx_HAL_Driver\\Src\\stm32f4xx_hal_uart.c 0x00000000   Number         0  stm32f4xx_hal_uart.o ABSOLUTE
    C:\\Keil_v5\\ARM\\PACK\\Keil\\STM32F4xx_DFP\\2.13.0\\Drivers\\STM32F4xx_HAL_Driver\\Src\\stm32f4xx_hal_usart.c 0x00000000   Number         0  stm32f4xx_hal_usart.o ABSOLUTE
    FreeRTOS\\portable\\RVDS\\ARM_CM4F\\port.c 0x00000000   Number         0  port.o ABSOLUTE
    FreeRTOS\croutine.c                      0x00000000   Number         0  croutine.o ABSOLUTE
    FreeRTOS\event_groups.c                  0x00000000   Number         0  event_groups.o ABSOLUTE
    FreeRTOS\list.c                          0x00000000   Number         0  list.o ABSOLUTE
    FreeRTOS\portable\MemMang\heap_2.c       0x00000000   Number         0  heap_2.o ABSOLUTE
    FreeRTOS\portable\RVDS\ARM_CM4F\port.c   0x00000000   Number         0  port.o ABSOLUTE
    FreeRTOS\queue.c                         0x00000000   Number         0  queue.o ABSOLUTE
    FreeRTOS\tasks.c                         0x00000000   Number         0  tasks.o ABSOLUTE
    FreeRTOS\timers.c                        0x00000000   Number         0  timers.o ABSOLUTE
    ITM_Retarget .c                          0x00000000   Number         0  itm_retarget .o ABSOLUTE
    ITM_Retarget .c                          0x00000000   Number         0  itm_retarget .o ABSOLUTE
    RTE\Device\STM32F429ZITx\startup_stm32f429xx.s 0x00000000   Number         0  startup_stm32f429xx.o ABSOLUTE
    RTE\Device\STM32F429ZITx\system_stm32f4xx.c 0x00000000   Number         0  system_stm32f4xx.o ABSOLUTE
    RTE\\Device\\STM32F429ZITx\\system_stm32f4xx.c 0x00000000   Number         0  system_stm32f4xx.o ABSOLUTE
    cli.c                                    0x00000000   Number         0  cli.o ABSOLUTE
    core.c                                   0x00000000   Number         0  core.o ABSOLUTE
    core.c                                   0x00000000   Number         0  core.o ABSOLUTE
    dc.s                                     0x00000000   Number         0  dc.o ABSOLUTE
    delay.c                                  0x00000000   Number         0  delay.o ABSOLUTE
    delay.c                                  0x00000000   Number         0  delay.o ABSOLUTE
    main.c                                   0x00000000   Number         0  main.o ABSOLUTE
    main.c                                   0x00000000   Number         0  main.o ABSOLUTE
    ring_buffer.c                            0x00000000   Number         0  ring_buffer.o ABSOLUTE
    ring_buffer_unit_test.c                  0x00000000   Number         0  ring_buffer_unit_test.o ABSOLUTE
    trace.c                                  0x00000000   Number         0  trace.o ABSOLUTE
    trace.c                                  0x00000000   Number         0  trace.o ABSOLUTE
    usart.c                                  0x00000000   Number         0  usart.o ABSOLUTE
    usart.c                                  0x00000000   Number         0  usart.o ABSOLUTE
    usart_unit_test.c                        0x00000000   Number         0  usart_unit_test.o ABSOLUTE
    RESET                                    0x08000000   Section      428  startup_stm32f429xx.o(RESET)
    !!!main                                  0x080001ac   Section        8  __main.o(!!!main)
    !!!scatter                               0x080001b4   Section       52  __scatter.o(!!!scatter)
    !!handler_copy                           0x080001e8   Section       26  __scatter_copy.o(!!handler_copy)
    !!handler_zi                             0x08000204   Section       28  __scatter_zi.o(!!handler_zi)
    .ARM.Collect$$_printf_percent$$00000000  0x08000220   Section        0  _printf_percent.o(.ARM.Collect$$_printf_percent$$00000000)
    .ARM.Collect$$_printf_percent$$00000017  0x08000220   Section        4  _printf_percent_end.o(.ARM.Collect$$_printf_percent$$00000017)
    .ARM.Collect$$libinit$$00000000          0x08000224   Section        2  libinit.o(.ARM.Collect$$libinit$$00000000)
    .ARM.Collect$$libinit$$00000001          0x08000226   Section        4  libinit2.o(.ARM.Collect$$libinit$$00000001)
    .ARM.Collect$$libinit$$00000004          0x0800022a   Section        0  libinit2.o(.ARM.Collect$$libinit$$00000004)
    .ARM.Collect$$libinit$$0000000A          0x0800022a   Section        0  libinit2.o(.ARM.Collect$$libinit$$0000000A)
    .ARM.Collect$$libinit$$0000000C          0x0800022a   Section        0  libinit2.o(.ARM.Collect$$libinit$$0000000C)
    .ARM.Collect$$libinit$$0000000E          0x0800022a   Section        0  libinit2.o(.ARM.Collect$$libinit$$0000000E)
    .ARM.Collect$$libinit$$00000011          0x0800022a   Section        0  libinit2.o(.ARM.Collect$$libinit$$00000011)
    .ARM.Collect$$libinit$$00000013          0x0800022a   Section        0  libinit2.o(.ARM.Collect$$libinit$$00000013)
    .ARM.Collect$$libinit$$00000015          0x0800022a   Section        0  libinit2.o(.ARM.Collect$$libinit$$00000015)
    .ARM.Collect$$libinit$$00000017          0x0800022a   Section        0  libinit2.o(.ARM.Collect$$libinit$$00000017)
    .ARM.Collect$$libinit$$00000019          0x0800022a   Section        0  libinit2.o(.ARM.Collect$$libinit$$00000019)
    .ARM.Collect$$libinit$$0000001B          0x0800022a   Section        0  libinit2.o(.ARM.Collect$$libinit$$0000001B)
    .ARM.Collect$$libinit$$0000001D          0x0800022a   Section        0  libinit2.o(.ARM.Collect$$libinit$$0000001D)
    .ARM.Collect$$libinit$$0000001F          0x0800022a   Section        0  libinit2.o(.ARM.Collect$$libinit$$0000001F)
    .ARM.Collect$$libinit$$00000021          0x0800022a   Section        0  libinit2.o(.ARM.Collect$$libinit$$00000021)
    .ARM.Collect$$libinit$$00000023          0x0800022a   Section        0  libinit2.o(.ARM.Collect$$libinit$$00000023)
    .ARM.Collect$$libinit$$00000025          0x0800022a   Section        0  libinit2.o(.ARM.Collect$$libinit$$00000025)
    .ARM.Collect$$libinit$$0000002C          0x0800022a   Section        0  libinit2.o(.ARM.Collect$$libinit$$0000002C)
    .ARM.Collect$$libinit$$0000002E          0x0800022a   Section        0  libinit2.o(.ARM.Collect$$libinit$$0000002E)
    .ARM.Collect$$libinit$$00000030          0x0800022a   Section        0  libinit2.o(.ARM.Collect$$libinit$$00000030)
    .ARM.Collect$$libinit$$00000032          0x0800022a   Section        0  libinit2.o(.ARM.Collect$$libinit$$00000032)
    .ARM.Collect$$libinit$$00000033          0x0800022a   Section        2  libinit2.o(.ARM.Collect$$libinit$$00000033)
    .ARM.Collect$$libshutdown$$00000000      0x0800022c   Section        2  libshutdown.o(.ARM.Collect$$libshutdown$$00000000)
    .ARM.Collect$$libshutdown$$00000002      0x0800022e   Section        0  libshutdown2.o(.ARM.Collect$$libshutdown$$00000002)
    .ARM.Collect$$libshutdown$$00000004      0x0800022e   Section        0  libshutdown2.o(.ARM.Collect$$libshutdown$$00000004)
    .ARM.Collect$$libshutdown$$00000007      0x0800022e   Section        0  libshutdown2.o(.ARM.Collect$$libshutdown$$00000007)
    .ARM.Collect$$libshutdown$$0000000A      0x0800022e   Section        0  libshutdown2.o(.ARM.Collect$$libshutdown$$0000000A)
    .ARM.Collect$$libshutdown$$0000000C      0x0800022e   Section        0  libshutdown2.o(.ARM.Collect$$libshutdown$$0000000C)
    .ARM.Collect$$libshutdown$$0000000F      0x0800022e   Section        0  libshutdown2.o(.ARM.Collect$$libshutdown$$0000000F)
    .ARM.Collect$$libshutdown$$00000010      0x0800022e   Section        2  libshutdown2.o(.ARM.Collect$$libshutdown$$00000010)
    .ARM.Collect$$rtentry$$00000000          0x08000230   Section        0  __rtentry.o(.ARM.Collect$$rtentry$$00000000)
    .ARM.Collect$$rtentry$$00000002          0x08000230   Section        0  __rtentry2.o(.ARM.Collect$$rtentry$$00000002)
    .ARM.Collect$$rtentry$$00000004          0x08000230   Section        6  __rtentry4.o(.ARM.Collect$$rtentry$$00000004)
    .ARM.Collect$$rtentry$$00000009          0x08000236   Section        0  __rtentry2.o(.ARM.Collect$$rtentry$$00000009)
    .ARM.Collect$$rtentry$$0000000A          0x08000236   Section        4  __rtentry2.o(.ARM.Collect$$rtentry$$0000000A)
    .ARM.Collect$$rtentry$$0000000C          0x0800023a   Section        0  __rtentry2.o(.ARM.Collect$$rtentry$$0000000C)
    .ARM.Collect$$rtentry$$0000000D          0x0800023a   Section        8  __rtentry2.o(.ARM.Collect$$rtentry$$0000000D)
    .ARM.Collect$$rtexit$$00000000           0x08000242   Section        2  rtexit.o(.ARM.Collect$$rtexit$$00000000)
    .ARM.Collect$$rtexit$$00000002           0x08000244   Section        0  rtexit2.o(.ARM.Collect$$rtexit$$00000002)
    .ARM.Collect$$rtexit$$00000003           0x08000244   Section        4  rtexit2.o(.ARM.Collect$$rtexit$$00000003)
    .ARM.Collect$$rtexit$$00000004           0x08000248   Section        6  rtexit2.o(.ARM.Collect$$rtexit$$00000004)
    .emb_text                                0x08000250   Section      186  port.o(.emb_text)
    $v0                                      0x08000250   Number         0  port.o(.emb_text)
    .text                                    0x0800030c   Section       64  startup_stm32f429xx.o(.text)
    $v0                                      0x0800030c   Number         0  startup_stm32f429xx.o(.text)
    .text                                    0x0800034c   Section        0  noretval__2printf.o(.text)
    .text                                    0x08000364   Section        0  __printf.o(.text)
    .text                                    0x080003cc   Section        0  abort.o(.text)
    .text                                    0x080003e2   Section        0  memcmp.o(.text)
    .text                                    0x0800043a   Section        0  strlen.o(.text)
    .text                                    0x08000478   Section      138  rt_memcpy_v6.o(.text)
    .text                                    0x08000502   Section       16  aeabi_memset.o(.text)
    .text                                    0x08000514   Section      128  strcmpv7m.o(.text)
    .text                                    0x08000594   Section        0  heapauxi.o(.text)
    .text                                    0x0800059c   Section        0  _printf_char_file.o(.text)
    .text                                    0x080005c0   Section        0  defsig_abrt_outer.o(.text)
    .text                                    0x080005ce   Section      100  rt_memcpy_w.o(.text)
    .text                                    0x08000632   Section       68  rt_memclr.o(.text)
    .text                                    0x08000678   Section        0  _printf_char_common.o(.text)
    _printf_input_char                       0x08000679   Thumb Code    10  _printf_char_common.o(.text)
    .text                                    0x080006a8   Section        0  ferror.o(.text)
    .text                                    0x080006b0   Section        0  defsig_exit.o(.text)
    .text                                    0x080006bc   Section        0  defsig_abrt_inner.o(.text)
    .text                                    0x080006ec   Section       78  rt_memclr_w.o(.text)
    .text                                    0x0800073a   Section       74  sys_stackheap_outer.o(.text)
    .text                                    0x08000784   Section        0  exit.o(.text)
    .text                                    0x08000796   Section        0  defsig_general.o(.text)
    .text                                    0x080007c8   Section        8  libspace.o(.text)
    i.CLI_AddCommand                         0x080007d0   Section        0  cli.o(i.CLI_AddCommand)
    i.CLI_PrintAllCommands                   0x080007fc   Section        0  cli.o(i.CLI_PrintAllCommands)
    i.CLI_Proc                               0x08000860   Section        0  cli.o(i.CLI_Proc)
    i.CLI_StoreCommand                       0x08000910   Section        0  cli.o(i.CLI_StoreCommand)
    CLI_StoreCommand                         0x08000911   Thumb Code    76  cli.o(i.CLI_StoreCommand)
    i.CORE_EnterCriticalSection              0x08000964   Section        0  core.o(i.CORE_EnterCriticalSection)
    i.CORE_ExitCriticalSection               0x08000968   Section        0  core.o(i.CORE_ExitCriticalSection)
    i.HAL_GPIO_Init                          0x0800096c   Section        0  stm32f4xx_hal_gpio.o(i.HAL_GPIO_Init)
    i.HAL_GPIO_TogglePin                     0x08000b38   Section        0  stm32f4xx_hal_gpio.o(i.HAL_GPIO_TogglePin)
    i.HAL_GPIO_WritePin                      0x08000b40   Section        0  stm32f4xx_hal_gpio.o(i.HAL_GPIO_WritePin)
    i.HAL_Init                               0x08000b4c   Section        0  stm32f4xx_hal.o(i.HAL_Init)
    i.HAL_InitTick                           0x08000b80   Section        0  stm32f4xx_hal.o(i.HAL_InitTick)
    i.HAL_MspInit                            0x08000bc0   Section        0  stm32f4xx_hal.o(i.HAL_MspInit)
    i.HAL_NVIC_EnableIRQ                     0x08000bc2   Section        0  stm32f4xx_hal_cortex.o(i.HAL_NVIC_EnableIRQ)
    i.HAL_NVIC_SetPriority                   0x08000bdc   Section        0  stm32f4xx_hal_cortex.o(i.HAL_NVIC_SetPriority)
    i.HAL_NVIC_SetPriorityGrouping           0x08000c1c   Section        0  stm32f4xx_hal_cortex.o(i.HAL_NVIC_SetPriorityGrouping)
    i.HAL_RCC_GetPCLK1Freq                   0x08000c40   Section        0  stm32f4xx_hal_rcc.o(i.HAL_RCC_GetPCLK1Freq)
    i.HAL_RCC_GetPCLK2Freq                   0x08000c60   Section        0  stm32f4xx_hal_rcc.o(i.HAL_RCC_GetPCLK2Freq)
    i.HAL_SYSTICK_Config                     0x08000c80   Section        0  stm32f4xx_hal_cortex.o(i.HAL_SYSTICK_Config)
    i.HAL_UART_Init                          0x08000ca8   Section        0  stm32f4xx_hal_uart.o(i.HAL_UART_Init)
    i.HAL_UART_MspInit                       0x08000d0c   Section        0  usart.o(i.HAL_UART_MspInit)
    i.LED_Init                               0x08000d90   Section        0  main.o(i.LED_Init)
    i.RingBuffer_GetChar                     0x08000ddc   Section        0  ring_buffer.o(i.RingBuffer_GetChar)
    i.RingBuffer_Init                        0x08000e12   Section        0  ring_buffer.o(i.RingBuffer_Init)
    i.RingBuffer_PutChar                     0x08000e2c   Section        0  ring_buffer.o(i.RingBuffer_PutChar)
    i.SysTick_Handler                        0x08000e5c   Section        0  port.o(i.SysTick_Handler)
    i.SystemInit                             0x08000e88   Section        0  system_stm32f4xx.o(i.SystemInit)
    i.TRACE_BindTaskWithTrace                0x08000edc   Section        0  trace.o(i.TRACE_BindTaskWithTrace)
    i.TRACE_Init                             0x08000ef0   Section        0  trace.o(i.TRACE_Init)
    i.UART_SetConfig                         0x08000f5c   Section        0  stm32f4xx_hal_uart.o(i.UART_SetConfig)
    UART_SetConfig                           0x08000f5d   Thumb Code   676  stm32f4xx_hal_uart.o(i.UART_SetConfig)
    i.USART1_IRQHandler                      0x08001208   Section        0  usart.o(i.USART1_IRQHandler)
    i.USART_GetChar                          0x08001260   Section        0  usart.o(i.USART_GetChar)
    i.USART_Init                             0x08001288   Section        0  usart.o(i.USART_Init)
    i.USART_PutChar                          0x0800130c   Section        0  usart.o(i.USART_PutChar)
    i.USART_WriteString                      0x08001334   Section        0  usart.o(i.USART_WriteString)
    i.__NVIC_SetPriority                     0x0800137c   Section        0  stm32f4xx_hal_cortex.o(i.__NVIC_SetPriority)
    __NVIC_SetPriority                       0x0800137d   Thumb Code    32  stm32f4xx_hal_cortex.o(i.__NVIC_SetPriority)
    i._sys_exit                              0x0800139c   Section        0  itm_retarget .o(i._sys_exit)
    i._ttywrch                               0x0800139e   Section        0  itm_retarget .o(i._ttywrch)
    i.commandLED                             0x080013a4   Section        0  main.o(i.commandLED)
    i.commandLED2                            0x08001428   Section        0  main.o(i.commandLED2)
    i.fputc                                  0x080014ac   Section        0  itm_retarget .o(i.fputc)
    i.main                                   0x080014d4   Section        0  main.o(i.main)
    i.prvAddCurrentTaskToDelayedList         0x08001628   Section        0  tasks.o(i.prvAddCurrentTaskToDelayedList)
    prvAddCurrentTaskToDelayedList           0x08001629   Thumb Code    48  tasks.o(i.prvAddCurrentTaskToDelayedList)
    i.prvCheckForValidListAndQueue           0x0800165c   Section        0  timers.o(i.prvCheckForValidListAndQueue)
    prvCheckForValidListAndQueue             0x0800165d   Thumb Code    78  timers.o(i.prvCheckForValidListAndQueue)
    i.prvCheckTasksWaitingTermination        0x080016bc   Section        0  tasks.o(i.prvCheckTasksWaitingTermination)
    prvCheckTasksWaitingTermination          0x080016bd   Thumb Code    76  tasks.o(i.prvCheckTasksWaitingTermination)
    i.prvCopyDataFromQueue                   0x08001710   Section        0  queue.o(i.prvCopyDataFromQueue)
    prvCopyDataFromQueue                     0x08001711   Thumb Code    38  queue.o(i.prvCopyDataFromQueue)
    i.prvCopyDataToQueue                     0x08001736   Section        0  queue.o(i.prvCopyDataToQueue)
    prvCopyDataToQueue                       0x08001737   Thumb Code   110  queue.o(i.prvCopyDataToQueue)
    i.prvIdleTask                            0x080017a4   Section        0  tasks.o(i.prvIdleTask)
    prvIdleTask                              0x080017a5   Thumb Code    30  tasks.o(i.prvIdleTask)
    i.prvInsertTimerInActiveList             0x080017cc   Section        0  timers.o(i.prvInsertTimerInActiveList)
    prvInsertTimerInActiveList               0x080017cd   Thumb Code    52  timers.o(i.prvInsertTimerInActiveList)
    i.prvProcessReceivedCommands             0x08001804   Section        0  timers.o(i.prvProcessReceivedCommands)
    prvProcessReceivedCommands               0x08001805   Thumb Code   182  timers.o(i.prvProcessReceivedCommands)
    i.prvProcessTimerOrBlockTask             0x080018c0   Section        0  timers.o(i.prvProcessTimerOrBlockTask)
    prvProcessTimerOrBlockTask               0x080018c1   Thumb Code   158  timers.o(i.prvProcessTimerOrBlockTask)
    i.prvResetNextTaskUnblockTime            0x08001968   Section        0  tasks.o(i.prvResetNextTaskUnblockTime)
    prvResetNextTaskUnblockTime              0x08001969   Thumb Code    26  tasks.o(i.prvResetNextTaskUnblockTime)
    i.prvSampleTimeNow                       0x08001988   Section        0  timers.o(i.prvSampleTimeNow)
    prvSampleTimeNow                         0x08001989   Thumb Code    36  timers.o(i.prvSampleTimeNow)
    i.prvSwitchTimerLists                    0x080019b0   Section        0  timers.o(i.prvSwitchTimerLists)
    prvSwitchTimerLists                      0x080019b1   Thumb Code   102  timers.o(i.prvSwitchTimerLists)
    i.prvTaskExitError                       0x08001a1c   Section        0  port.o(i.prvTaskExitError)
    prvTaskExitError                         0x08001a1d   Thumb Code    36  port.o(i.prvTaskExitError)
    i.prvTimerTask                           0x08001a44   Section        0  timers.o(i.prvTimerTask)
    prvTimerTask                             0x08001a45   Thumb Code    32  timers.o(i.prvTimerTask)
    i.prvUnlockQueue                         0x08001a68   Section        0  queue.o(i.prvUnlockQueue)
    prvUnlockQueue                           0x08001a69   Thumb Code   100  queue.o(i.prvUnlockQueue)
    i.pvPortMalloc                           0x08001acc   Section        0  heap_2.o(i.pvPortMalloc)
    i.pvTaskIncrementMutexHeldCount          0x08001b84   Section        0  tasks.o(i.pvTaskIncrementMutexHeldCount)
    i.pxPortInitialiseStack                  0x08001b9c   Section        0  port.o(i.pxPortInitialiseStack)
    i.taskCLI                                0x08001bc4   Section        0  main.o(i.taskCLI)
    i.taskLED                                0x08001bd0   Section        0  main.o(i.taskLED)
    i.taskLED3                               0x08001bf0   Section        0  main.o(i.taskLED3)
    i.uxListRemove                           0x08001c12   Section        0  list.o(i.uxListRemove)
    i.vListInitialise                        0x08001c36   Section        0  list.o(i.vListInitialise)
    i.vListInitialiseItem                    0x08001c4c   Section        0  list.o(i.vListInitialiseItem)
    i.vListInsert                            0x08001c52   Section        0  list.o(i.vListInsert)
    i.vListInsertEnd                         0x08001c82   Section        0  list.o(i.vListInsertEnd)
    i.vPortEnterCritical                     0x08001c9c   Section        0  port.o(i.vPortEnterCritical)
    i.vPortExitCritical                      0x08001cdc   Section        0  port.o(i.vPortExitCritical)
    i.vPortFree                              0x08001d04   Section        0  heap_2.o(i.vPortFree)
    i.vPortSetupTimerInterrupt               0x08001d40   Section        0  port.o(i.vPortSetupTimerInterrupt)
    i.vPortValidateInterruptPriority         0x08001d60   Section        0  port.o(i.vPortValidateInterruptPriority)
    i.vQueueAddToRegistry                    0x08001db4   Section        0  queue.o(i.vQueueAddToRegistry)
    i.vQueueWaitForMessageRestricted         0x08001ddc   Section        0  queue.o(i.vQueueWaitForMessageRestricted)
    i.vTaskDelay                             0x08001e14   Section        0  tasks.o(i.vTaskDelay)
    i.vTaskDelete                            0x08001e7c   Section        0  tasks.o(i.vTaskDelete)
    i.vTaskMissedYield                       0x08001f20   Section        0  tasks.o(i.vTaskMissedYield)
    i.vTaskPlaceOnEventList                  0x08001f2c   Section        0  tasks.o(i.vTaskPlaceOnEventList)
    i.vTaskPlaceOnEventListRestricted        0x08001f90   Section        0  tasks.o(i.vTaskPlaceOnEventListRestricted)
    i.vTaskPriorityInherit                   0x08001fdc   Section        0  tasks.o(i.vTaskPriorityInherit)
    i.vTaskSetTimeOutState                   0x08002060   Section        0  tasks.o(i.vTaskSetTimeOutState)
    i.vTaskStartScheduler                    0x08002084   Section        0  tasks.o(i.vTaskStartScheduler)
    i.vTaskSuspendAll                        0x080020ec   Section        0  tasks.o(i.vTaskSuspendAll)
    i.vTaskSwitchContext                     0x080020fc   Section        0  tasks.o(i.vTaskSwitchContext)
    i.xPortStartScheduler                    0x08002158   Section        0  port.o(i.xPortStartScheduler)
    i.xQueueGenericCreate                    0x080021dc   Section        0  queue.o(i.xQueueGenericCreate)
    i.xQueueGenericReceive                   0x08002240   Section        0  queue.o(i.xQueueGenericReceive)
    i.xQueueGenericReset                     0x080023ac   Section        0  queue.o(i.xQueueGenericReset)
    i.xQueueGenericSend                      0x08002430   Section        0  queue.o(i.xQueueGenericSend)
    i.xQueueGenericSendFromISR               0x08002590   Section        0  queue.o(i.xQueueGenericSendFromISR)
    i.xTaskCheckForTimeOut                   0x08002648   Section        0  tasks.o(i.xTaskCheckForTimeOut)
    i.xTaskGenericCreate                     0x080026b4   Section        0  tasks.o(i.xTaskGenericCreate)
    i.xTaskGetSchedulerState                 0x08002870   Section        0  tasks.o(i.xTaskGetSchedulerState)
    i.xTaskGetTickCount                      0x0800288c   Section        0  tasks.o(i.xTaskGetTickCount)
    i.xTaskIncrementTick                     0x08002898   Section        0  tasks.o(i.xTaskIncrementTick)
    i.xTaskPriorityDisinherit                0x08002964   Section        0  tasks.o(i.xTaskPriorityDisinherit)
    i.xTaskRemoveFromEventList               0x080029e8   Section        0  tasks.o(i.xTaskRemoveFromEventList)
    i.xTaskResumeAll                         0x08002a5c   Section        0  tasks.o(i.xTaskResumeAll)
    i.xTimerCreateTimerTask                  0x08002b20   Section        0  timers.o(i.xTimerCreateTimerTask)
    i.xTimerGenericCommand                   0x08002b70   Section        0  timers.o(i.xTimerGenericCommand)
    x$fpl$fpinit                             0x08002bb8   Section       10  fpinit.o(x$fpl$fpinit)
    $v0                                      0x08002bb8   Number         0  fpinit.o(x$fpl$fpinit)
    .constdata                               0x08002bc4   Section       48  main.o(.constdata)
    .constdata                               0x08002bf4   Section        8  system_stm32f4xx.o(.constdata)
    .conststring                             0x08002bfc   Section       46  main.o(.conststring)
    .data                                    0x20000000   Section       24  main.o(.data)
    bp1                                      0x20000000   Data          12  main.o(.data)
    bp2                                      0x2000000c   Data          12  main.o(.data)
    .data                                    0x20000018   Section        4  itm_retarget .o(.data)
    .data                                    0x2000001c   Section       12  cli.o(.data)
    head                                     0x2000001c   Data           4  cli.o(.data)
    element                                  0x20000020   Data           4  cli.o(.data)
    index                                    0x20000024   Data           4  cli.o(.data)
    .data                                    0x20000028   Section       68  trace.o(.data)
    TRACE_TaskMask                           0x20000028   Data           1  trace.o(.data)
    traceSignal                              0x2000002c   Data          64  trace.o(.data)
    .data                                    0x2000006c   Section       56  tasks.o(.data)
    uxTasksDeleted                           0x20000070   Data           4  tasks.o(.data)
    uxCurrentNumberOfTasks                   0x20000074   Data           4  tasks.o(.data)
    xTickCount                               0x20000078   Data           4  tasks.o(.data)
    uxTopReadyPriority                       0x2000007c   Data           4  tasks.o(.data)
    xSchedulerRunning                        0x20000080   Data           4  tasks.o(.data)
    uxPendedTicks                            0x20000084   Data           4  tasks.o(.data)
    xYieldPending                            0x20000088   Data           4  tasks.o(.data)
    xNumOfOverflows                          0x2000008c   Data           4  tasks.o(.data)
    uxTaskNumber                             0x20000090   Data           4  tasks.o(.data)
    xNextTaskUnblockTime                     0x20000094   Data           4  tasks.o(.data)
    uxSchedulerSuspended                     0x20000098   Data           4  tasks.o(.data)
    pxDelayedTaskList                        0x2000009c   Data           4  tasks.o(.data)
    pxOverflowDelayedTaskList                0x200000a0   Data           4  tasks.o(.data)
    .data                                    0x200000a4   Section       16  timers.o(.data)
    xTimerQueue                              0x200000a4   Data           4  timers.o(.data)
    xLastTime                                0x200000a8   Data           4  timers.o(.data)
    pxCurrentTimerList                       0x200000ac   Data           4  timers.o(.data)
    pxOverflowTimerList                      0x200000b0   Data           4  timers.o(.data)
    .data                                    0x200000b4   Section       24  heap_2.o(.data)
    xFreeBytesRemaining                      0x200000b4   Data           4  heap_2.o(.data)
    xHeapHasBeenInitialised                  0x200000b8   Data           4  heap_2.o(.data)
    xStart                                   0x200000bc   Data           8  heap_2.o(.data)
    xEnd                                     0x200000c4   Data           8  heap_2.o(.data)
    .data                                    0x200000cc   Section       12  port.o(.data)
    ucMaxSysCallPriority                     0x200000cc   Data           1  port.o(.data)
    uxCriticalNesting                        0x200000d0   Data           4  port.o(.data)
    ulMaxPRIGROUPValue                       0x200000d4   Data           4  port.o(.data)
    .data                                    0x200000d8   Section       12  stm32f4xx_hal.o(.data)
    .data                                    0x200000e4   Section        4  system_stm32f4xx.o(.data)
    .bss                                     0x200000e8   Section     2144  usart.o(.bss)
    USART_RingBuffer_Tx                      0x200000e8   Data          16  usart.o(.bss)
    RingBufferData_Tx                        0x200000f8   Data        1024  usart.o(.bss)
    USART_RingBuffer_Rx                      0x200004f8   Data          16  usart.o(.bss)
    RingBufferData_Rx                        0x20000508   Data        1024  usart.o(.bss)
    UartHandle                               0x20000908   Data          64  usart.o(.bss)
    .bss                                     0x20000948   Section      100  cli.o(.bss)
    commandBuffer                            0x20000948   Data         100  cli.o(.bss)
    .bss                                     0x200009ac   Section       64  queue.o(.bss)
    .bss                                     0x200009ec   Section      200  tasks.o(.bss)
    pxReadyTasksLists                        0x200009ec   Data         100  tasks.o(.bss)
    xDelayedTaskList1                        0x20000a50   Data          20  tasks.o(.bss)
    xDelayedTaskList2                        0x20000a64   Data          20  tasks.o(.bss)
    xPendingReadyList                        0x20000a78   Data          20  tasks.o(.bss)
    xTasksWaitingTermination                 0x20000a8c   Data          20  tasks.o(.bss)
    xSuspendedTaskList                       0x20000aa0   Data          20  tasks.o(.bss)
    .bss                                     0x20000ab4   Section       40  timers.o(.bss)
    xActiveTimerList1                        0x20000ab4   Data          20  timers.o(.bss)
    xActiveTimerList2                        0x20000ac8   Data          20  timers.o(.bss)
    .bss                                     0x20000adc   Section    76800  heap_2.o(.bss)
    ucHeap                                   0x20000adc   Data       76800  heap_2.o(.bss)
    .bss                                     0x200136dc   Section       96  libspace.o(.bss)
    HEAP                                     0x20013740   Section      512  startup_stm32f429xx.o(HEAP)
    Heap_Mem                                 0x20013740   Data         512  startup_stm32f429xx.o(HEAP)
    STACK                                    0x20013940   Section     1024  startup_stm32f429xx.o(STACK)
    Stack_Mem                                0x20013940   Data        1024  startup_stm32f429xx.o(STACK)
    __initial_sp                             0x20013d40   Data           0  startup_stm32f429xx.o(STACK)

    Global Symbols

    Symbol Name                              Value     Ov Type        Size  Object(Section)

    BuildAttributes$$THM_ISAv4$E$P$D$K$B$S$7EM$VFPi3$EXTD16$VFPS$VFMA$PE$A:L22UL41UL21$X:L11$S22US41US21$IEEE1$IW$USESV6$~STKCKD$USESV7$~SHL$OSPACE$ROPI$EBA8$UX$STANDARDLIB$REQ8$PRES8$EABIv2 0x00000000   Number         0  anon$$obj.o ABSOLUTE
    __ARM_use_no_argv                        0x00000000   Number         0  main.o ABSOLUTE
    __ARM_exceptions_init                     - Undefined Weak Reference
    __alloca_initialize                       - Undefined Weak Reference
    __arm_preinit_                            - Undefined Weak Reference
    __cpp_initialize__aeabi_                  - Undefined Weak Reference
    __cxa_finalize                            - Undefined Weak Reference
    __rt_locale                               - Undefined Weak Reference
    __sigvec_lookup                           - Undefined Weak Reference
    _atexit_init                              - Undefined Weak Reference
    _call_atexit_fns                          - Undefined Weak Reference
    _clock_init                               - Undefined Weak Reference
    _fp_trap_init                             - Undefined Weak Reference
    _fp_trap_shutdown                         - Undefined Weak Reference
    _get_lc_collate                           - Undefined Weak Reference
    _get_lc_ctype                             - Undefined Weak Reference
    _get_lc_monetary                          - Undefined Weak Reference
    _get_lc_numeric                           - Undefined Weak Reference
    _get_lc_time                              - Undefined Weak Reference
    _getenv_init                              - Undefined Weak Reference
    _handle_redirection                       - Undefined Weak Reference
    _init_alloc                               - Undefined Weak Reference
    _init_user_alloc                          - Undefined Weak Reference
    _initio                                   - Undefined Weak Reference
    _mutex_acquire                            - Undefined Weak Reference
    _mutex_release                            - Undefined Weak Reference
    _printf_post_padding                      - Undefined Weak Reference
    _printf_pre_padding                       - Undefined Weak Reference
    _printf_truncate_signed                   - Undefined Weak Reference
    _printf_truncate_unsigned                 - Undefined Weak Reference
    _rand_init                                - Undefined Weak Reference
    _signal_finish                            - Undefined Weak Reference
    _signal_init                              - Undefined Weak Reference
    _terminate_alloc                          - Undefined Weak Reference
    _terminate_user_alloc                     - Undefined Weak Reference
    _terminateio                              - Undefined Weak Reference
    __Vectors_Size                           0x000001ac   Number         0  startup_stm32f429xx.o ABSOLUTE
    __Vectors                                0x08000000   Data           4  startup_stm32f429xx.o(RESET)
    __Vectors_End                            0x080001ac   Data           0  startup_stm32f429xx.o(RESET)
    __main                                   0x080001ad   Thumb Code     8  __main.o(!!!main)
    __scatterload                            0x080001b5   Thumb Code     0  __scatter.o(!!!scatter)
    __scatterload_rt2                        0x080001b5   Thumb Code    44  __scatter.o(!!!scatter)
    __scatterload_rt2_thumb_only             0x080001b5   Thumb Code     0  __scatter.o(!!!scatter)
    __scatterload_null                       0x080001c3   Thumb Code     0  __scatter.o(!!!scatter)
    __scatterload_copy                       0x080001e9   Thumb Code    26  __scatter_copy.o(!!handler_copy)
    __scatterload_zeroinit                   0x08000205   Thumb Code    28  __scatter_zi.o(!!handler_zi)
    _printf_percent                          0x08000221   Thumb Code     0  _printf_percent.o(.ARM.Collect$$_printf_percent$$00000000)
    _printf_percent_end                      0x08000221   Thumb Code     0  _printf_percent_end.o(.ARM.Collect$$_printf_percent$$00000017)
    __rt_lib_init                            0x08000225   Thumb Code     0  libinit.o(.ARM.Collect$$libinit$$00000000)
    __rt_lib_init_fp_1                       0x08000227   Thumb Code     0  libinit2.o(.ARM.Collect$$libinit$$00000001)
    __rt_lib_init_alloca_1                   0x0800022b   Thumb Code     0  libinit2.o(.ARM.Collect$$libinit$$0000002E)
    __rt_lib_init_argv_1                     0x0800022b   Thumb Code     0  libinit2.o(.ARM.Collect$$libinit$$0000002C)
    __rt_lib_init_atexit_1                   0x0800022b   Thumb Code     0  libinit2.o(.ARM.Collect$$libinit$$0000001B)
    __rt_lib_init_clock_1                    0x0800022b   Thumb Code     0  libinit2.o(.ARM.Collect$$libinit$$00000021)
    __rt_lib_init_cpp_1                      0x0800022b   Thumb Code     0  libinit2.o(.ARM.Collect$$libinit$$00000032)
    __rt_lib_init_exceptions_1               0x0800022b   Thumb Code     0  libinit2.o(.ARM.Collect$$libinit$$00000030)
    __rt_lib_init_fp_trap_1                  0x0800022b   Thumb Code     0  libinit2.o(.ARM.Collect$$libinit$$0000001F)
    __rt_lib_init_getenv_1                   0x0800022b   Thumb Code     0  libinit2.o(.ARM.Collect$$libinit$$00000023)
    __rt_lib_init_heap_1                     0x0800022b   Thumb Code     0  libinit2.o(.ARM.Collect$$libinit$$0000000A)
    __rt_lib_init_lc_collate_1               0x0800022b   Thumb Code     0  libinit2.o(.ARM.Collect$$libinit$$00000011)
    __rt_lib_init_lc_ctype_1                 0x0800022b   Thumb Code     0  libinit2.o(.ARM.Collect$$libinit$$00000013)
    __rt_lib_init_lc_monetary_1              0x0800022b   Thumb Code     0  libinit2.o(.ARM.Collect$$libinit$$00000015)
    __rt_lib_init_lc_numeric_1               0x0800022b   Thumb Code     0  libinit2.o(.ARM.Collect$$libinit$$00000017)
    __rt_lib_init_lc_time_1                  0x0800022b   Thumb Code     0  libinit2.o(.ARM.Collect$$libinit$$00000019)
    __rt_lib_init_preinit_1                  0x0800022b   Thumb Code     0  libinit2.o(.ARM.Collect$$libinit$$00000004)
    __rt_lib_init_rand_1                     0x0800022b   Thumb Code     0  libinit2.o(.ARM.Collect$$libinit$$0000000E)
    __rt_lib_init_return                     0x0800022b   Thumb Code     0  libinit2.o(.ARM.Collect$$libinit$$00000033)
    __rt_lib_init_signal_1                   0x0800022b   Thumb Code     0  libinit2.o(.ARM.Collect$$libinit$$0000001D)
    __rt_lib_init_stdio_1                    0x0800022b   Thumb Code     0  libinit2.o(.ARM.Collect$$libinit$$00000025)
    __rt_lib_init_user_alloc_1               0x0800022b   Thumb Code     0  libinit2.o(.ARM.Collect$$libinit$$0000000C)
    __rt_lib_shutdown                        0x0800022d   Thumb Code     0  libshutdown.o(.ARM.Collect$$libshutdown$$00000000)
    __rt_lib_shutdown_cpp_1                  0x0800022f   Thumb Code     0  libshutdown2.o(.ARM.Collect$$libshutdown$$00000002)
    __rt_lib_shutdown_fp_trap_1              0x0800022f   Thumb Code     0  libshutdown2.o(.ARM.Collect$$libshutdown$$00000007)
    __rt_lib_shutdown_heap_1                 0x0800022f   Thumb Code     0  libshutdown2.o(.ARM.Collect$$libshutdown$$0000000F)
    __rt_lib_shutdown_return                 0x0800022f   Thumb Code     0  libshutdown2.o(.ARM.Collect$$libshutdown$$00000010)
    __rt_lib_shutdown_signal_1               0x0800022f   Thumb Code     0  libshutdown2.o(.ARM.Collect$$libshutdown$$0000000A)
    __rt_lib_shutdown_stdio_1                0x0800022f   Thumb Code     0  libshutdown2.o(.ARM.Collect$$libshutdown$$00000004)
    __rt_lib_shutdown_user_alloc_1           0x0800022f   Thumb Code     0  libshutdown2.o(.ARM.Collect$$libshutdown$$0000000C)
    __rt_entry                               0x08000231   Thumb Code     0  __rtentry.o(.ARM.Collect$$rtentry$$00000000)
    __rt_entry_presh_1                       0x08000231   Thumb Code     0  __rtentry2.o(.ARM.Collect$$rtentry$$00000002)
    __rt_entry_sh                            0x08000231   Thumb Code     0  __rtentry4.o(.ARM.Collect$$rtentry$$00000004)
    __rt_entry_li                            0x08000237   Thumb Code     0  __rtentry2.o(.ARM.Collect$$rtentry$$0000000A)
    __rt_entry_postsh_1                      0x08000237   Thumb Code     0  __rtentry2.o(.ARM.Collect$$rtentry$$00000009)
    __rt_entry_main                          0x0800023b   Thumb Code     0  __rtentry2.o(.ARM.Collect$$rtentry$$0000000D)
    __rt_entry_postli_1                      0x0800023b   Thumb Code     0  __rtentry2.o(.ARM.Collect$$rtentry$$0000000C)
    __rt_exit                                0x08000243   Thumb Code     0  rtexit.o(.ARM.Collect$$rtexit$$00000000)
    __rt_exit_ls                             0x08000245   Thumb Code     0  rtexit2.o(.ARM.Collect$$rtexit$$00000003)
    __rt_exit_prels_1                        0x08000245   Thumb Code     0  rtexit2.o(.ARM.Collect$$rtexit$$00000002)
    __rt_exit_exit                           0x08000249   Thumb Code     0  rtexit2.o(.ARM.Collect$$rtexit$$00000004)
    SVC_Handler                              0x08000251   Thumb Code    28  port.o(.emb_text)
    __asm___6_port_c_39a90d8d__prvStartFirstTask 0x08000271   Thumb Code    28  port.o(.emb_text)
    __asm___6_port_c_39a90d8d__prvEnableVFP  0x08000291   Thumb Code    16  port.o(.emb_text)
    PendSV_Handler                           0x080002a5   Thumb Code    90  port.o(.emb_text)
    vPortGetIPSR                             0x08000305   Thumb Code     6  port.o(.emb_text)
    Reset_Handler                            0x0800030d   Thumb Code     8  startup_stm32f429xx.o(.text)
    NMI_Handler                              0x08000315   Thumb Code     2  startup_stm32f429xx.o(.text)
    HardFault_Handler                        0x08000317   Thumb Code     2  startup_stm32f429xx.o(.text)
    MemManage_Handler                        0x08000319   Thumb Code     2  startup_stm32f429xx.o(.text)
    BusFault_Handler                         0x0800031b   Thumb Code     2  startup_stm32f429xx.o(.text)
    UsageFault_Handler                       0x0800031d   Thumb Code     2  startup_stm32f429xx.o(.text)
    DebugMon_Handler                         0x08000321   Thumb Code     2  startup_stm32f429xx.o(.text)
    ADC_IRQHandler                           0x08000327   Thumb Code     0  startup_stm32f429xx.o(.text)
    CAN1_RX0_IRQHandler                      0x08000327   Thumb Code     0  startup_stm32f429xx.o(.text)
    CAN1_RX1_IRQHandler                      0x08000327   Thumb Code     0  startup_stm32f429xx.o(.text)
    CAN1_SCE_IRQHandler                      0x08000327   Thumb Code     0  startup_stm32f429xx.o(.text)
    CAN1_TX_IRQHandler                       0x08000327   Thumb Code     0  startup_stm32f429xx.o(.text)
    CAN2_RX0_IRQHandler                      0x08000327   Thumb Code     0  startup_stm32f429xx.o(.text)
    CAN2_RX1_IRQHandler                      0x08000327   Thumb Code     0  startup_stm32f429xx.o(.text)
    CAN2_SCE_IRQHandler                      0x08000327   Thumb Code     0  startup_stm32f429xx.o(.text)
    CAN2_TX_IRQHandler                       0x08000327   Thumb Code     0  startup_stm32f429xx.o(.text)
    DCMI_IRQHandler                          0x08000327   Thumb Code     0  startup_stm32f429xx.o(.text)
    DMA1_Stream0_IRQHandler                  0x08000327   Thumb Code     0  startup_stm32f429xx.o(.text)
    DMA1_Stream1_IRQHandler                  0x08000327   Thumb Code     0  startup_stm32f429xx.o(.text)
    DMA1_Stream2_IRQHandler                  0x08000327   Thumb Code     0  startup_stm32f429xx.o(.text)
    DMA1_Stream3_IRQHandler                  0x08000327   Thumb Code     0  startup_stm32f429xx.o(.text)
    DMA1_Stream4_IRQHandler                  0x08000327   Thumb Code     0  startup_stm32f429xx.o(.text)
    DMA1_Stream5_IRQHandler                  0x08000327   Thumb Code     0  startup_stm32f429xx.o(.text)
    DMA1_Stream6_IRQHandler                  0x08000327   Thumb Code     0  startup_stm32f429xx.o(.text)
    DMA1_Stream7_IRQHandler                  0x08000327   Thumb Code     0  startup_stm32f429xx.o(.text)
    DMA2D_IRQHandler                         0x08000327   Thumb Code     0  startup_stm32f429xx.o(.text)
    DMA2_Stream0_IRQHandler                  0x08000327   Thumb Code     0  startup_stm32f429xx.o(.text)
    DMA2_Stream1_IRQHandler                  0x08000327   Thumb Code     0  startup_stm32f429xx.o(.text)
    DMA2_Stream2_IRQHandler                  0x08000327   Thumb Code     0  startup_stm32f429xx.o(.text)
    DMA2_Stream3_IRQHandler                  0x08000327   Thumb Code     0  startup_stm32f429xx.o(.text)
    DMA2_Stream4_IRQHandler                  0x08000327   Thumb Code     0  startup_stm32f429xx.o(.text)
    DMA2_Stream5_IRQHandler                  0x08000327   Thumb Code     0  startup_stm32f429xx.o(.text)
    DMA2_Stream6_IRQHandler                  0x08000327   Thumb Code     0  startup_stm32f429xx.o(.text)
    DMA2_Stream7_IRQHandler                  0x08000327   Thumb Code     0  startup_stm32f429xx.o(.text)
    ETH_IRQHandler                           0x08000327   Thumb Code     0  startup_stm32f429xx.o(.text)
    ETH_WKUP_IRQHandler                      0x08000327   Thumb Code     0  startup_stm32f429xx.o(.text)
    EXTI0_IRQHandler                         0x08000327   Thumb Code     0  startup_stm32f429xx.o(.text)
    EXTI15_10_IRQHandler                     0x08000327   Thumb Code     0  startup_stm32f429xx.o(.text)
    EXTI1_IRQHandler                         0x08000327   Thumb Code     0  startup_stm32f429xx.o(.text)
    EXTI2_IRQHandler                         0x08000327   Thumb Code     0  startup_stm32f429xx.o(.text)
    EXTI3_IRQHandler                         0x08000327   Thumb Code     0  startup_stm32f429xx.o(.text)
    EXTI4_IRQHandler                         0x08000327   Thumb Code     0  startup_stm32f429xx.o(.text)
    EXTI9_5_IRQHandler                       0x08000327   Thumb Code     0  startup_stm32f429xx.o(.text)
    FLASH_IRQHandler                         0x08000327   Thumb Code     0  startup_stm32f429xx.o(.text)
    FMC_IRQHandler                           0x08000327   Thumb Code     0  startup_stm32f429xx.o(.text)
    FPU_IRQHandler                           0x08000327   Thumb Code     0  startup_stm32f429xx.o(.text)
    HASH_RNG_IRQHandler                      0x08000327   Thumb Code     0  startup_stm32f429xx.o(.text)
    I2C1_ER_IRQHandler                       0x08000327   Thumb Code     0  startup_stm32f429xx.o(.text)
    I2C1_EV_IRQHandler                       0x08000327   Thumb Code     0  startup_stm32f429xx.o(.text)
    I2C2_ER_IRQHandler                       0x08000327   Thumb Code     0  startup_stm32f429xx.o(.text)
    I2C2_EV_IRQHandler                       0x08000327   Thumb Code     0  startup_stm32f429xx.o(.text)
    I2C3_ER_IRQHandler                       0x08000327   Thumb Code     0  startup_stm32f429xx.o(.text)
    I2C3_EV_IRQHandler                       0x08000327   Thumb Code     0  startup_stm32f429xx.o(.text)
    LTDC_ER_IRQHandler                       0x08000327   Thumb Code     0  startup_stm32f429xx.o(.text)
    LTDC_IRQHandler                          0x08000327   Thumb Code     0  startup_stm32f429xx.o(.text)
    OTG_FS_IRQHandler                        0x08000327   Thumb Code     0  startup_stm32f429xx.o(.text)
    OTG_FS_WKUP_IRQHandler                   0x08000327   Thumb Code     0  startup_stm32f429xx.o(.text)
    OTG_HS_EP1_IN_IRQHandler                 0x08000327   Thumb Code     0  startup_stm32f429xx.o(.text)
    OTG_HS_EP1_OUT_IRQHandler                0x08000327   Thumb Code     0  startup_stm32f429xx.o(.text)
    OTG_HS_IRQHandler                        0x08000327   Thumb Code     0  startup_stm32f429xx.o(.text)
    OTG_HS_WKUP_IRQHandler                   0x08000327   Thumb Code     0  startup_stm32f429xx.o(.text)
    PVD_IRQHandler                           0x08000327   Thumb Code     0  startup_stm32f429xx.o(.text)
    RCC_IRQHandler                           0x08000327   Thumb Code     0  startup_stm32f429xx.o(.text)
    RTC_Alarm_IRQHandler                     0x08000327   Thumb Code     0  startup_stm32f429xx.o(.text)
    RTC_WKUP_IRQHandler                      0x08000327   Thumb Code     0  startup_stm32f429xx.o(.text)
    SAI1_IRQHandler                          0x08000327   Thumb Code     0  startup_stm32f429xx.o(.text)
    SDIO_IRQHandler                          0x08000327   Thumb Code     0  startup_stm32f429xx.o(.text)
    SPI1_IRQHandler                          0x08000327   Thumb Code     0  startup_stm32f429xx.o(.text)
    SPI2_IRQHandler                          0x08000327   Thumb Code     0  startup_stm32f429xx.o(.text)
    SPI3_IRQHandler                          0x08000327   Thumb Code     0  startup_stm32f429xx.o(.text)
    SPI4_IRQHandler                          0x08000327   Thumb Code     0  startup_stm32f429xx.o(.text)
    SPI5_IRQHandler                          0x08000327   Thumb Code     0  startup_stm32f429xx.o(.text)
    SPI6_IRQHandler                          0x08000327   Thumb Code     0  startup_stm32f429xx.o(.text)
    TAMP_STAMP_IRQHandler                    0x08000327   Thumb Code     0  startup_stm32f429xx.o(.text)
    TIM1_BRK_TIM9_IRQHandler                 0x08000327   Thumb Code     0  startup_stm32f429xx.o(.text)
    TIM1_CC_IRQHandler                       0x08000327   Thumb Code     0  startup_stm32f429xx.o(.text)
    TIM1_TRG_COM_TIM11_IRQHandler            0x08000327   Thumb Code     0  startup_stm32f429xx.o(.text)
    TIM1_UP_TIM10_IRQHandler                 0x08000327   Thumb Code     0  startup_stm32f429xx.o(.text)
    TIM2_IRQHandler                          0x08000327   Thumb Code     0  startup_stm32f429xx.o(.text)
    TIM3_IRQHandler                          0x08000327   Thumb Code     0  startup_stm32f429xx.o(.text)
    TIM4_IRQHandler                          0x08000327   Thumb Code     0  startup_stm32f429xx.o(.text)
    TIM5_IRQHandler                          0x08000327   Thumb Code     0  startup_stm32f429xx.o(.text)
    TIM6_DAC_IRQHandler                      0x08000327   Thumb Code     0  startup_stm32f429xx.o(.text)
    TIM7_IRQHandler                          0x08000327   Thumb Code     0  startup_stm32f429xx.o(.text)
    TIM8_BRK_TIM12_IRQHandler                0x08000327   Thumb Code     0  startup_stm32f429xx.o(.text)
    TIM8_CC_IRQHandler                       0x08000327   Thumb Code     0  startup_stm32f429xx.o(.text)
    TIM8_TRG_COM_TIM14_IRQHandler            0x08000327   Thumb Code     0  startup_stm32f429xx.o(.text)
    TIM8_UP_TIM13_IRQHandler                 0x08000327   Thumb Code     0  startup_stm32f429xx.o(.text)
    UART4_IRQHandler                         0x08000327   Thumb Code     0  startup_stm32f429xx.o(.text)
    UART5_IRQHandler                         0x08000327   Thumb Code     0  startup_stm32f429xx.o(.text)
    UART7_IRQHandler                         0x08000327   Thumb Code     0  startup_stm32f429xx.o(.text)
    UART8_IRQHandler                         0x08000327   Thumb Code     0  startup_stm32f429xx.o(.text)
    USART2_IRQHandler                        0x08000327   Thumb Code     0  startup_stm32f429xx.o(.text)
    USART3_IRQHandler                        0x08000327   Thumb Code     0  startup_stm32f429xx.o(.text)
    USART6_IRQHandler                        0x08000327   Thumb Code     0  startup_stm32f429xx.o(.text)
    WWDG_IRQHandler                          0x08000327   Thumb Code     0  startup_stm32f429xx.o(.text)
    __user_initial_stackheap                 0x08000329   Thumb Code     0  startup_stm32f429xx.o(.text)
    __2printf                                0x0800034d   Thumb Code    20  noretval__2printf.o(.text)
    __printf                                 0x08000365   Thumb Code   104  __printf.o(.text)
    abort                                    0x080003cd   Thumb Code    22  abort.o(.text)
    memcmp                                   0x080003e3   Thumb Code    88  memcmp.o(.text)
    strlen                                   0x0800043b   Thumb Code    62  strlen.o(.text)
    __aeabi_memcpy                           0x08000479   Thumb Code     0  rt_memcpy_v6.o(.text)
    __rt_memcpy                              0x08000479   Thumb Code   138  rt_memcpy_v6.o(.text)
    _memcpy_lastbytes                        0x080004df   Thumb Code     0  rt_memcpy_v6.o(.text)
    __aeabi_memset                           0x08000503   Thumb Code    16  aeabi_memset.o(.text)
    strcmp                                   0x08000515   Thumb Code   128  strcmpv7m.o(.text)
    __use_two_region_memory                  0x08000595   Thumb Code     2  heapauxi.o(.text)
    __rt_heap_escrow$2region                 0x08000597   Thumb Code     2  heapauxi.o(.text)
    __rt_heap_expand$2region                 0x08000599   Thumb Code     2  heapauxi.o(.text)
    _printf_char_file                        0x0800059d   Thumb Code    32  _printf_char_file.o(.text)
    __rt_SIGABRT                             0x080005c1   Thumb Code    14  defsig_abrt_outer.o(.text)
    __aeabi_memcpy4                          0x080005cf   Thumb Code     0  rt_memcpy_w.o(.text)
    __aeabi_memcpy8                          0x080005cf   Thumb Code     0  rt_memcpy_w.o(.text)
    __rt_memcpy_w                            0x080005cf   Thumb Code   100  rt_memcpy_w.o(.text)
    _memcpy_lastbytes_aligned                0x08000617   Thumb Code     0  rt_memcpy_w.o(.text)
    __aeabi_memclr                           0x08000633   Thumb Code     0  rt_memclr.o(.text)
    __rt_memclr                              0x08000633   Thumb Code    68  rt_memclr.o(.text)
    _memset                                  0x08000637   Thumb Code     0  rt_memclr.o(.text)
    _printf_char_common                      0x08000683   Thumb Code    32  _printf_char_common.o(.text)
    ferror                                   0x080006a9   Thumb Code     8  ferror.o(.text)
    __sig_exit                               0x080006b1   Thumb Code    10  defsig_exit.o(.text)
    __rt_SIGABRT_inner                       0x080006bd   Thumb Code    14  defsig_abrt_inner.o(.text)
    __aeabi_memclr4                          0x080006ed   Thumb Code     0  rt_memclr_w.o(.text)
    __aeabi_memclr8                          0x080006ed   Thumb Code     0  rt_memclr_w.o(.text)
    __rt_memclr_w                            0x080006ed   Thumb Code    78  rt_memclr_w.o(.text)
    _memset_w                                0x080006f1   Thumb Code     0  rt_memclr_w.o(.text)
    __user_setup_stackheap                   0x0800073b   Thumb Code    74  sys_stackheap_outer.o(.text)
    exit                                     0x08000785   Thumb Code    18  exit.o(.text)
    __default_signal_display                 0x08000797   Thumb Code    50  defsig_general.o(.text)
    __user_libspace                          0x080007c9   Thumb Code     8  libspace.o(.text)
    __user_perproc_libspace                  0x080007c9   Thumb Code     0  libspace.o(.text)
    __user_perthread_libspace                0x080007c9   Thumb Code     0  libspace.o(.text)
    CLI_AddCommand                           0x080007d1   Thumb Code    38  cli.o(i.CLI_AddCommand)
    CLI_PrintAllCommands                     0x080007fd   Thumb Code    52  cli.o(i.CLI_PrintAllCommands)
    CLI_Proc                                 0x08000861   Thumb Code   120  cli.o(i.CLI_Proc)
    CORE_EnterCriticalSection                0x08000965   Thumb Code     4  core.o(i.CORE_EnterCriticalSection)
    CORE_ExitCriticalSection                 0x08000969   Thumb Code     4  core.o(i.CORE_ExitCriticalSection)
    HAL_GPIO_Init                            0x0800096d   Thumb Code   408  stm32f4xx_hal_gpio.o(i.HAL_GPIO_Init)
    HAL_GPIO_TogglePin                       0x08000b39   Thumb Code     8  stm32f4xx_hal_gpio.o(i.HAL_GPIO_TogglePin)
    HAL_GPIO_WritePin                        0x08000b41   Thumb Code    10  stm32f4xx_hal_gpio.o(i.HAL_GPIO_WritePin)
    HAL_Init                                 0x08000b4d   Thumb Code    48  stm32f4xx_hal.o(i.HAL_Init)
    HAL_InitTick                             0x08000b81   Thumb Code    54  stm32f4xx_hal.o(i.HAL_InitTick)
    HAL_MspInit                              0x08000bc1   Thumb Code     2  stm32f4xx_hal.o(i.HAL_MspInit)
    HAL_NVIC_EnableIRQ                       0x08000bc3   Thumb Code    26  stm32f4xx_hal_cortex.o(i.HAL_NVIC_EnableIRQ)
    HAL_NVIC_SetPriority                     0x08000bdd   Thumb Code    60  stm32f4xx_hal_cortex.o(i.HAL_NVIC_SetPriority)
    HAL_NVIC_SetPriorityGrouping             0x08000c1d   Thumb Code    26  stm32f4xx_hal_cortex.o(i.HAL_NVIC_SetPriorityGrouping)
    HAL_RCC_GetPCLK1Freq                     0x08000c41   Thumb Code    20  stm32f4xx_hal_rcc.o(i.HAL_RCC_GetPCLK1Freq)
    HAL_RCC_GetPCLK2Freq                     0x08000c61   Thumb Code    20  stm32f4xx_hal_rcc.o(i.HAL_RCC_GetPCLK2Freq)
    HAL_SYSTICK_Config                       0x08000c81   Thumb Code    40  stm32f4xx_hal_cortex.o(i.HAL_SYSTICK_Config)
    HAL_UART_Init                            0x08000ca9   Thumb Code    98  stm32f4xx_hal_uart.o(i.HAL_UART_Init)
    HAL_UART_MspInit                         0x08000d0d   Thumb Code   122  usart.o(i.HAL_UART_MspInit)
    LED_Init                                 0x08000d91   Thumb Code    68  main.o(i.LED_Init)
    RingBuffer_GetChar                       0x08000ddd   Thumb Code    54  ring_buffer.o(i.RingBuffer_GetChar)
    RingBuffer_Init                          0x08000e13   Thumb Code    26  ring_buffer.o(i.RingBuffer_Init)
    RingBuffer_PutChar                       0x08000e2d   Thumb Code    46  ring_buffer.o(i.RingBuffer_PutChar)
    SysTick_Handler                          0x08000e5d   Thumb Code    38  port.o(i.SysTick_Handler)
    SystemInit                               0x08000e89   Thumb Code    66  system_stm32f4xx.o(i.SystemInit)
    TRACE_BindTaskWithTrace                  0x08000edd   Thumb Code    14  trace.o(i.TRACE_BindTaskWithTrace)
    TRACE_Init                               0x08000ef1   Thumb Code   100  trace.o(i.TRACE_Init)
    USART1_IRQHandler                        0x08001209   Thumb Code    76  usart.o(i.USART1_IRQHandler)
    USART_GetChar                            0x08001261   Thumb Code    34  usart.o(i.USART_GetChar)
    USART_Init                               0x08001289   Thumb Code    96  usart.o(i.USART_Init)
    USART_PutChar                            0x0800130d   Thumb Code    30  usart.o(i.USART_PutChar)
    USART_WriteString                        0x08001335   Thumb Code    64  usart.o(i.USART_WriteString)
    _sys_exit                                0x0800139d   Thumb Code     2  itm_retarget .o(i._sys_exit)
    _ttywrch                                 0x0800139f   Thumb Code     6  itm_retarget .o(i._ttywrch)
    commandLED                               0x080013a5   Thumb Code    56  main.o(i.commandLED)
    commandLED2                              0x08001429   Thumb Code    56  main.o(i.commandLED2)
    fputc                                    0x080014ad   Thumb Code    36  itm_retarget .o(i.fputc)
    main                                     0x080014d5   Thumb Code   238  main.o(i.main)
    pvPortMalloc                             0x08001acd   Thumb Code   170  heap_2.o(i.pvPortMalloc)
    pvTaskIncrementMutexHeldCount            0x08001b85   Thumb Code    18  tasks.o(i.pvTaskIncrementMutexHeldCount)
    pxPortInitialiseStack                    0x08001b9d   Thumb Code    36  port.o(i.pxPortInitialiseStack)
    taskCLI                                  0x08001bc5   Thumb Code    12  main.o(i.taskCLI)
    taskLED                                  0x08001bd1   Thumb Code    26  main.o(i.taskLED)
    taskLED3                                 0x08001bf1   Thumb Code    34  main.o(i.taskLED3)
    uxListRemove                             0x08001c13   Thumb Code    36  list.o(i.uxListRemove)
    vListInitialise                          0x08001c37   Thumb Code    22  list.o(i.vListInitialise)
    vListInitialiseItem                      0x08001c4d   Thumb Code     6  list.o(i.vListInitialiseItem)
    vListInsert                              0x08001c53   Thumb Code    48  list.o(i.vListInsert)
    vListInsertEnd                           0x08001c83   Thumb Code    24  list.o(i.vListInsertEnd)
    vPortEnterCritical                       0x08001c9d   Thumb Code    54  port.o(i.vPortEnterCritical)
    vPortExitCritical                        0x08001cdd   Thumb Code    34  port.o(i.vPortExitCritical)
    vPortFree                                0x08001d05   Thumb Code    56  heap_2.o(i.vPortFree)
    vPortSetupTimerInterrupt                 0x08001d41   Thumb Code    26  port.o(i.vPortSetupTimerInterrupt)
    vPortValidateInterruptPriority           0x08001d61   Thumb Code    74  port.o(i.vPortValidateInterruptPriority)
    vQueueAddToRegistry                      0x08001db5   Thumb Code    34  queue.o(i.vQueueAddToRegistry)
    vQueueWaitForMessageRestricted           0x08001ddd   Thumb Code    56  queue.o(i.vQueueWaitForMessageRestricted)
    vTaskDelay                               0x08001e15   Thumb Code    94  tasks.o(i.vTaskDelay)
    vTaskDelete                              0x08001e7d   Thumb Code   150  tasks.o(i.vTaskDelete)
    vTaskMissedYield                         0x08001f21   Thumb Code     8  tasks.o(i.vTaskMissedYield)
    vTaskPlaceOnEventList                    0x08001f2d   Thumb Code    90  tasks.o(i.vTaskPlaceOnEventList)
    vTaskPlaceOnEventListRestricted          0x08001f91   Thumb Code    72  tasks.o(i.vTaskPlaceOnEventListRestricted)
    vTaskPriorityInherit                     0x08001fdd   Thumb Code   124  tasks.o(i.vTaskPriorityInherit)
    vTaskSetTimeOutState                     0x08002061   Thumb Code    30  tasks.o(i.vTaskSetTimeOutState)
    vTaskStartScheduler                      0x08002085   Thumb Code    88  tasks.o(i.vTaskStartScheduler)
    vTaskSuspendAll                          0x080020ed   Thumb Code    10  tasks.o(i.vTaskSuspendAll)
    vTaskSwitchContext                       0x080020fd   Thumb Code    82  tasks.o(i.vTaskSwitchContext)
    xPortStartScheduler                      0x08002159   Thumb Code   116  port.o(i.xPortStartScheduler)
    xQueueGenericCreate                      0x080021dd   Thumb Code   100  queue.o(i.xQueueGenericCreate)
    xQueueGenericReceive                     0x08002241   Thumb Code   358  queue.o(i.xQueueGenericReceive)
    xQueueGenericReset                       0x080023ad   Thumb Code   126  queue.o(i.xQueueGenericReset)
    xQueueGenericSend                        0x08002431   Thumb Code   348  queue.o(i.xQueueGenericSend)
    xQueueGenericSendFromISR                 0x08002591   Thumb Code   182  queue.o(i.xQueueGenericSendFromISR)
    xTaskCheckForTimeOut                     0x08002649   Thumb Code   102  tasks.o(i.xTaskCheckForTimeOut)
    xTaskGenericCreate                       0x080026b5   Thumb Code   430  tasks.o(i.xTaskGenericCreate)
    xTaskGetSchedulerState                   0x08002871   Thumb Code    22  tasks.o(i.xTaskGetSchedulerState)
    xTaskGetTickCount                        0x0800288d   Thumb Code     6  tasks.o(i.xTaskGetTickCount)
    xTaskIncrementTick                       0x08002899   Thumb Code   194  tasks.o(i.xTaskIncrementTick)
    xTaskPriorityDisinherit                  0x08002965   Thumb Code   122  tasks.o(i.xTaskPriorityDisinherit)
    xTaskRemoveFromEventList                 0x080029e9   Thumb Code   108  tasks.o(i.xTaskRemoveFromEventList)
    xTaskResumeAll                           0x08002a5d   Thumb Code   182  tasks.o(i.xTaskResumeAll)
    xTimerCreateTimerTask                    0x08002b21   Thumb Code    62  timers.o(i.xTimerCreateTimerTask)
    xTimerGenericCommand                     0x08002b71   Thumb Code    68  timers.o(i.xTimerGenericCommand)
    _fp_init                                 0x08002bb9   Thumb Code    10  fpinit.o(x$fpl$fpinit)
    __fplib_config_fpu_vfp                   0x08002bc1   Thumb Code     0  fpinit.o(x$fpl$fpinit)
    __fplib_config_pureend_doubles           0x08002bc1   Thumb Code     0  fpinit.o(x$fpl$fpinit)
    APBPrescTable                            0x08002bf4   Data           8  system_stm32f4xx.o(.constdata)
    Region$$Table$$Base                      0x08002c2c   Number         0  anon$$obj.o(Region$$Table)
    Region$$Table$$Limit                     0x08002c4c   Number         0  anon$$obj.o(Region$$Table)
    __stdout                                 0x20000018   Data           4  itm_retarget .o(.data)
    pxCurrentTCB                             0x2000006c   Data           4  tasks.o(.data)
    uwTickFreq                               0x200000d8   Data           1  stm32f4xx_hal.o(.data)
    uwTickPrio                               0x200000dc   Data           4  stm32f4xx_hal.o(.data)
    uwTick                                   0x200000e0   Data           4  stm32f4xx_hal.o(.data)
    SystemCoreClock                          0x200000e4   Data           4  system_stm32f4xx.o(.data)
    xQueueRegistry                           0x200009ac   Data          64  queue.o(.bss)
    __libspace_start                         0x200136dc   Data          96  libspace.o(.bss)
    __temporary_stack_top$libspace           0x2001373c   Data           0  libspace.o(.bss)



==============================================================================

Memory Map of the image

  Image Entry point : 0x080001ad

  Load Region LR_IROM1 (Base: 0x08000000, Size: 0x00002d34, Max: 0x00200000, ABSOLUTE)

    Execution Region ER_IROM1 (Exec base: 0x08000000, Load base: 0x08000000, Size: 0x00002c4c, Max: 0x00200000, ABSOLUTE)

    Exec Addr    Load Addr    Size         Type   Attr      Idx    E Section Name        Object

    0x08000000   0x08000000   0x000001ac   Data   RO         2921    RESET               startup_stm32f429xx.o
    0x080001ac   0x080001ac   0x00000008   Code   RO         3013  * !!!main             c_w.l(__main.o)
    0x080001b4   0x080001b4   0x00000034   Code   RO         3199    !!!scatter          c_w.l(__scatter.o)
    0x080001e8   0x080001e8   0x0000001a   Code   RO         3201    !!handler_copy      c_w.l(__scatter_copy.o)
    0x08000202   0x08000202   0x00000002   PAD
    0x08000204   0x08000204   0x0000001c   Code   RO         3203    !!handler_zi        c_w.l(__scatter_zi.o)
    0x08000220   0x08000220   0x00000000   Code   RO         2998    .ARM.Collect$$_printf_percent$$00000000  c_w.l(_printf_percent.o)
    0x08000220   0x08000220   0x00000004   Code   RO         3024    .ARM.Collect$$_printf_percent$$00000017  c_w.l(_printf_percent_end.o)
    0x08000224   0x08000224   0x00000002   Code   RO         3083    .ARM.Collect$$libinit$$00000000  c_w.l(libinit.o)
    0x08000226   0x08000226   0x00000004   Code   RO         3093    .ARM.Collect$$libinit$$00000001  c_w.l(libinit2.o)
    0x0800022a   0x0800022a   0x00000000   Code   RO         3096    .ARM.Collect$$libinit$$00000004  c_w.l(libinit2.o)
    0x0800022a   0x0800022a   0x00000000   Code   RO         3099    .ARM.Collect$$libinit$$0000000A  c_w.l(libinit2.o)
    0x0800022a   0x0800022a   0x00000000   Code   RO         3101    .ARM.Collect$$libinit$$0000000C  c_w.l(libinit2.o)
    0x0800022a   0x0800022a   0x00000000   Code   RO         3103    .ARM.Collect$$libinit$$0000000E  c_w.l(libinit2.o)
    0x0800022a   0x0800022a   0x00000000   Code   RO         3106    .ARM.Collect$$libinit$$00000011  c_w.l(libinit2.o)
    0x0800022a   0x0800022a   0x00000000   Code   RO         3108    .ARM.Collect$$libinit$$00000013  c_w.l(libinit2.o)
    0x0800022a   0x0800022a   0x00000000   Code   RO         3110    .ARM.Collect$$libinit$$00000015  c_w.l(libinit2.o)
    0x0800022a   0x0800022a   0x00000000   Code   RO         3112    .ARM.Collect$$libinit$$00000017  c_w.l(libinit2.o)
    0x0800022a   0x0800022a   0x00000000   Code   RO         3114    .ARM.Collect$$libinit$$00000019  c_w.l(libinit2.o)
    0x0800022a   0x0800022a   0x00000000   Code   RO         3116    .ARM.Collect$$libinit$$0000001B  c_w.l(libinit2.o)
    0x0800022a   0x0800022a   0x00000000   Code   RO         3118    .ARM.Collect$$libinit$$0000001D  c_w.l(libinit2.o)
    0x0800022a   0x0800022a   0x00000000   Code   RO         3120    .ARM.Collect$$libinit$$0000001F  c_w.l(libinit2.o)
    0x0800022a   0x0800022a   0x00000000   Code   RO         3122    .ARM.Collect$$libinit$$00000021  c_w.l(libinit2.o)
    0x0800022a   0x0800022a   0x00000000   Code   RO         3124    .ARM.Collect$$libinit$$00000023  c_w.l(libinit2.o)
    0x0800022a   0x0800022a   0x00000000   Code   RO         3126    .ARM.Collect$$libinit$$00000025  c_w.l(libinit2.o)
    0x0800022a   0x0800022a   0x00000000   Code   RO         3130    .ARM.Collect$$libinit$$0000002C  c_w.l(libinit2.o)
    0x0800022a   0x0800022a   0x00000000   Code   RO         3132    .ARM.Collect$$libinit$$0000002E  c_w.l(libinit2.o)
    0x0800022a   0x0800022a   0x00000000   Code   RO         3134    .ARM.Collect$$libinit$$00000030  c_w.l(libinit2.o)
    0x0800022a   0x0800022a   0x00000000   Code   RO         3136    .ARM.Collect$$libinit$$00000032  c_w.l(libinit2.o)
    0x0800022a   0x0800022a   0x00000002   Code   RO         3137    .ARM.Collect$$libinit$$00000033  c_w.l(libinit2.o)
    0x0800022c   0x0800022c   0x00000002   Code   RO         3169    .ARM.Collect$$libshutdown$$00000000  c_w.l(libshutdown.o)
    0x0800022e   0x0800022e   0x00000000   Code   RO         3179    .ARM.Collect$$libshutdown$$00000002  c_w.l(libshutdown2.o)
    0x0800022e   0x0800022e   0x00000000   Code   RO         3181    .ARM.Collect$$libshutdown$$00000004  c_w.l(libshutdown2.o)
    0x0800022e   0x0800022e   0x00000000   Code   RO         3184    .ARM.Collect$$libshutdown$$00000007  c_w.l(libshutdown2.o)
    0x0800022e   0x0800022e   0x00000000   Code   RO         3187    .ARM.Collect$$libshutdown$$0000000A  c_w.l(libshutdown2.o)
    0x0800022e   0x0800022e   0x00000000   Code   RO         3189    .ARM.Collect$$libshutdown$$0000000C  c_w.l(libshutdown2.o)
    0x0800022e   0x0800022e   0x00000000   Code   RO         3192    .ARM.Collect$$libshutdown$$0000000F  c_w.l(libshutdown2.o)
    0x0800022e   0x0800022e   0x00000002   Code   RO         3193    .ARM.Collect$$libshutdown$$00000010  c_w.l(libshutdown2.o)
    0x08000230   0x08000230   0x00000000   Code   RO         3015    .ARM.Collect$$rtentry$$00000000  c_w.l(__rtentry.o)
    0x08000230   0x08000230   0x00000000   Code   RO         3034    .ARM.Collect$$rtentry$$00000002  c_w.l(__rtentry2.o)
    0x08000230   0x08000230   0x00000006   Code   RO         3046    .ARM.Collect$$rtentry$$00000004  c_w.l(__rtentry4.o)
    0x08000236   0x08000236   0x00000000   Code   RO         3036    .ARM.Collect$$rtentry$$00000009  c_w.l(__rtentry2.o)
    0x08000236   0x08000236   0x00000004   Code   RO         3037    .ARM.Collect$$rtentry$$0000000A  c_w.l(__rtentry2.o)
    0x0800023a   0x0800023a   0x00000000   Code   RO         3039    .ARM.Collect$$rtentry$$0000000C  c_w.l(__rtentry2.o)
    0x0800023a   0x0800023a   0x00000008   Code   RO         3040    .ARM.Collect$$rtentry$$0000000D  c_w.l(__rtentry2.o)
    0x08000242   0x08000242   0x00000002   Code   RO         3087    .ARM.Collect$$rtexit$$00000000  c_w.l(rtexit.o)
    0x08000244   0x08000244   0x00000000   Code   RO         3139    .ARM.Collect$$rtexit$$00000002  c_w.l(rtexit2.o)
    0x08000244   0x08000244   0x00000004   Code   RO         3140    .ARM.Collect$$rtexit$$00000003  c_w.l(rtexit2.o)
    0x08000248   0x08000248   0x00000006   Code   RO         3141    .ARM.Collect$$rtexit$$00000004  c_w.l(rtexit2.o)
    0x0800024e   0x0800024e   0x00000002   PAD
    0x08000250   0x08000250   0x000000ba   Code   RO         1376    .emb_text           port.o
    0x0800030a   0x0800030a   0x00000002   PAD
    0x0800030c   0x0800030c   0x00000040   Code   RO         2922    .text               startup_stm32f429xx.o
    0x0800034c   0x0800034c   0x00000018   Code   RO         2970    .text               c_w.l(noretval__2printf.o)
    0x08000364   0x08000364   0x00000068   Code   RO         2972    .text               c_w.l(__printf.o)
    0x080003cc   0x080003cc   0x00000016   Code   RO         2999    .text               c_w.l(abort.o)
    0x080003e2   0x080003e2   0x00000058   Code   RO         3001    .text               c_w.l(memcmp.o)
    0x0800043a   0x0800043a   0x0000003e   Code   RO         3003    .text               c_w.l(strlen.o)
    0x08000478   0x08000478   0x0000008a   Code   RO         3005    .text               c_w.l(rt_memcpy_v6.o)
    0x08000502   0x08000502   0x00000010   Code   RO         3007    .text               c_w.l(aeabi_memset.o)
    0x08000512   0x08000512   0x00000002   PAD
    0x08000514   0x08000514   0x00000080   Code   RO         3009    .text               c_w.l(strcmpv7m.o)
    0x08000594   0x08000594   0x00000006   Code   RO         3011    .text               c_w.l(heapauxi.o)
    0x0800059a   0x0800059a   0x00000002   PAD
    0x0800059c   0x0800059c   0x00000024   Code   RO         3022    .text               c_w.l(_printf_char_file.o)
    0x080005c0   0x080005c0   0x0000000e   Code   RO         3025    .text               c_w.l(defsig_abrt_outer.o)
    0x080005ce   0x080005ce   0x00000064   Code   RO         3029    .text               c_w.l(rt_memcpy_w.o)
    0x08000632   0x08000632   0x00000044   Code   RO         3031    .text               c_w.l(rt_memclr.o)
    0x08000676   0x08000676   0x00000002   PAD
    0x08000678   0x08000678   0x00000030   Code   RO         3052    .text               c_w.l(_printf_char_common.o)
    0x080006a8   0x080006a8   0x00000008   Code   RO         3054    .text               c_w.l(ferror.o)
    0x080006b0   0x080006b0   0x0000000a   Code   RO         3058    .text               c_w.l(defsig_exit.o)
    0x080006ba   0x080006ba   0x00000002   PAD
    0x080006bc   0x080006bc   0x00000030   Code   RO         3060    .text               c_w.l(defsig_abrt_inner.o)
    0x080006ec   0x080006ec   0x0000004e   Code   RO         3062    .text               c_w.l(rt_memclr_w.o)
    0x0800073a   0x0800073a   0x0000004a   Code   RO         3064    .text               c_w.l(sys_stackheap_outer.o)
    0x08000784   0x08000784   0x00000012   Code   RO         3068    .text               c_w.l(exit.o)
    0x08000796   0x08000796   0x00000032   Code   RO         3072    .text               c_w.l(defsig_general.o)
    0x080007c8   0x080007c8   0x00000008   Code   RO         3084    .text               c_w.l(libspace.o)
    0x080007d0   0x080007d0   0x0000002c   Code   RO          502    i.CLI_AddCommand    cli.o
    0x080007fc   0x080007fc   0x00000064   Code   RO          503    i.CLI_PrintAllCommands  cli.o
    0x08000860   0x08000860   0x000000b0   Code   RO          504    i.CLI_Proc          cli.o
    0x08000910   0x08000910   0x00000054   Code   RO          505    i.CLI_StoreCommand  cli.o
    0x08000964   0x08000964   0x00000004   Code   RO          463    i.CORE_EnterCriticalSection  core.o
    0x08000968   0x08000968   0x00000004   Code   RO          464    i.CORE_ExitCriticalSection  core.o
    0x0800096c   0x0800096c   0x000001cc   Code   RO         1912    i.HAL_GPIO_Init     stm32f4xx_hal_gpio.o
    0x08000b38   0x08000b38   0x00000008   Code   RO         1915    i.HAL_GPIO_TogglePin  stm32f4xx_hal_gpio.o
    0x08000b40   0x08000b40   0x0000000a   Code   RO         1916    i.HAL_GPIO_WritePin  stm32f4xx_hal_gpio.o
    0x08000b4a   0x08000b4a   0x00000002   PAD
    0x08000b4c   0x08000b4c   0x00000034   Code   RO         1464    i.HAL_Init          stm32f4xx_hal.o
    0x08000b80   0x08000b80   0x00000040   Code   RO         1465    i.HAL_InitTick      stm32f4xx_hal.o
    0x08000bc0   0x08000bc0   0x00000002   Code   RO         1467    i.HAL_MspInit       stm32f4xx_hal.o
    0x08000bc2   0x08000bc2   0x0000001a   Code   RO         1632    i.HAL_NVIC_EnableIRQ  stm32f4xx_hal_cortex.o
    0x08000bdc   0x08000bdc   0x00000040   Code   RO         1638    i.HAL_NVIC_SetPriority  stm32f4xx_hal_cortex.o
    0x08000c1c   0x08000c1c   0x00000024   Code   RO         1639    i.HAL_NVIC_SetPriorityGrouping  stm32f4xx_hal_cortex.o
    0x08000c40   0x08000c40   0x00000020   Code   RO         2175    i.HAL_RCC_GetPCLK1Freq  stm32f4xx_hal_rcc.o
    0x08000c60   0x08000c60   0x00000020   Code   RO         2176    i.HAL_RCC_GetPCLK2Freq  stm32f4xx_hal_rcc.o
    0x08000c80   0x08000c80   0x00000028   Code   RO         1643    i.HAL_SYSTICK_Config  stm32f4xx_hal_cortex.o
    0x08000ca8   0x08000ca8   0x00000062   Code   RO         2360    i.HAL_UART_Init     stm32f4xx_hal_uart.o
    0x08000d0a   0x08000d0a   0x00000002   PAD
    0x08000d0c   0x08000d0c   0x00000084   Code   RO          377    i.HAL_UART_MspInit  usart.o
    0x08000d90   0x08000d90   0x0000004c   Code   RO            4    i.LED_Init          main.o
    0x08000ddc   0x08000ddc   0x00000036   Code   RO          308    i.RingBuffer_GetChar  ring_buffer.o
    0x08000e12   0x08000e12   0x0000001a   Code   RO          310    i.RingBuffer_Init   ring_buffer.o
    0x08000e2c   0x08000e2c   0x0000002e   Code   RO          312    i.RingBuffer_PutChar  ring_buffer.o
    0x08000e5a   0x08000e5a   0x00000002   PAD
    0x08000e5c   0x08000e5c   0x0000002c   Code   RO         1377    i.SysTick_Handler   port.o
    0x08000e88   0x08000e88   0x00000054   Code   RO         2930    i.SystemInit        system_stm32f4xx.o
    0x08000edc   0x08000edc   0x00000014   Code   RO          540    i.TRACE_BindTaskWithTrace  trace.o
    0x08000ef0   0x08000ef0   0x0000006c   Code   RO          541    i.TRACE_Init        trace.o
    0x08000f5c   0x08000f5c   0x000002ac   Code   RO         2386    i.UART_SetConfig    stm32f4xx_hal_uart.o
    0x08001208   0x08001208   0x00000058   Code   RO          378    i.USART1_IRQHandler  usart.o
    0x08001260   0x08001260   0x00000028   Code   RO          379    i.USART_GetChar     usart.o
    0x08001288   0x08001288   0x00000084   Code   RO          380    i.USART_Init        usart.o
    0x0800130c   0x0800130c   0x00000028   Code   RO          381    i.USART_PutChar     usart.o
    0x08001334   0x08001334   0x00000048   Code   RO          385    i.USART_WriteString  usart.o
    0x0800137c   0x0800137c   0x00000020   Code   RO         1645    i.__NVIC_SetPriority  stm32f4xx_hal_cortex.o
    0x0800139c   0x0800139c   0x00000002   Code   RO          254    i._sys_exit         itm_retarget .o
    0x0800139e   0x0800139e   0x00000006   Code   RO          255    i._ttywrch          itm_retarget .o
    0x080013a4   0x080013a4   0x00000084   Code   RO            5    i.commandLED        main.o
    0x08001428   0x08001428   0x00000084   Code   RO            6    i.commandLED2       main.o
    0x080014ac   0x080014ac   0x00000028   Code   RO          257    i.fputc             itm_retarget .o
    0x080014d4   0x080014d4   0x00000154   Code   RO            7    i.main              main.o
    0x08001628   0x08001628   0x00000034   Code   RO          963    i.prvAddCurrentTaskToDelayedList  tasks.o
    0x0800165c   0x0800165c   0x00000060   Code   RO         1252    i.prvCheckForValidListAndQueue  timers.o
    0x080016bc   0x080016bc   0x00000054   Code   RO          964    i.prvCheckTasksWaitingTermination  tasks.o
    0x08001710   0x08001710   0x00000026   Code   RO          786    i.prvCopyDataFromQueue  queue.o
    0x08001736   0x08001736   0x0000006e   Code   RO          787    i.prvCopyDataToQueue  queue.o
    0x080017a4   0x080017a4   0x00000028   Code   RO          965    i.prvIdleTask       tasks.o
    0x080017cc   0x080017cc   0x00000038   Code   RO         1253    i.prvInsertTimerInActiveList  timers.o
    0x08001804   0x08001804   0x000000bc   Code   RO         1254    i.prvProcessReceivedCommands  timers.o
    0x080018c0   0x080018c0   0x000000a8   Code   RO         1255    i.prvProcessTimerOrBlockTask  timers.o
    0x08001968   0x08001968   0x00000020   Code   RO          967    i.prvResetNextTaskUnblockTime  tasks.o
    0x08001988   0x08001988   0x00000028   Code   RO         1256    i.prvSampleTimeNow  timers.o
    0x080019b0   0x080019b0   0x0000006c   Code   RO         1257    i.prvSwitchTimerLists  timers.o
    0x08001a1c   0x08001a1c   0x00000028   Code   RO         1378    i.prvTaskExitError  port.o
    0x08001a44   0x08001a44   0x00000024   Code   RO         1258    i.prvTimerTask      timers.o
    0x08001a68   0x08001a68   0x00000064   Code   RO          788    i.prvUnlockQueue    queue.o
    0x08001acc   0x08001acc   0x000000b8   Code   RO         1340    i.pvPortMalloc      heap_2.o
    0x08001b84   0x08001b84   0x00000018   Code   RO          969    i.pvTaskIncrementMutexHeldCount  tasks.o
    0x08001b9c   0x08001b9c   0x00000028   Code   RO         1379    i.pxPortInitialiseStack  port.o
    0x08001bc4   0x08001bc4   0x0000000c   Code   RO            8    i.taskCLI           main.o
    0x08001bd0   0x08001bd0   0x00000020   Code   RO            9    i.taskLED           main.o
    0x08001bf0   0x08001bf0   0x00000022   Code   RO           11    i.taskLED3          main.o
    0x08001c12   0x08001c12   0x00000024   Code   RO          750    i.uxListRemove      list.o
    0x08001c36   0x08001c36   0x00000016   Code   RO          751    i.vListInitialise   list.o
    0x08001c4c   0x08001c4c   0x00000006   Code   RO          752    i.vListInitialiseItem  list.o
    0x08001c52   0x08001c52   0x00000030   Code   RO          753    i.vListInsert       list.o
    0x08001c82   0x08001c82   0x00000018   Code   RO          754    i.vListInsertEnd    list.o
    0x08001c9a   0x08001c9a   0x00000002   PAD
    0x08001c9c   0x08001c9c   0x00000040   Code   RO         1381    i.vPortEnterCritical  port.o
    0x08001cdc   0x08001cdc   0x00000028   Code   RO         1382    i.vPortExitCritical  port.o
    0x08001d04   0x08001d04   0x0000003c   Code   RO         1341    i.vPortFree         heap_2.o
    0x08001d40   0x08001d40   0x00000020   Code   RO         1383    i.vPortSetupTimerInterrupt  port.o
    0x08001d60   0x08001d60   0x00000054   Code   RO         1384    i.vPortValidateInterruptPriority  port.o
    0x08001db4   0x08001db4   0x00000028   Code   RO          794    i.vQueueAddToRegistry  queue.o
    0x08001ddc   0x08001ddc   0x00000038   Code   RO          798    i.vQueueWaitForMessageRestricted  queue.o
    0x08001e14   0x08001e14   0x00000068   Code   RO          977    i.vTaskDelay        tasks.o
    0x08001e7c   0x08001e7c   0x000000a4   Code   RO          979    i.vTaskDelete       tasks.o
    0x08001f20   0x08001f20   0x0000000c   Code   RO          981    i.vTaskMissedYield  tasks.o
    0x08001f2c   0x08001f2c   0x00000064   Code   RO          983    i.vTaskPlaceOnEventList  tasks.o
    0x08001f90   0x08001f90   0x0000004c   Code   RO          984    i.vTaskPlaceOnEventListRestricted  tasks.o
    0x08001fdc   0x08001fdc   0x00000084   Code   RO          986    i.vTaskPriorityInherit  tasks.o
    0x08002060   0x08002060   0x00000024   Code   RO          990    i.vTaskSetTimeOutState  tasks.o
    0x08002084   0x08002084   0x00000068   Code   RO          991    i.vTaskStartScheduler  tasks.o
    0x080020ec   0x080020ec   0x00000010   Code   RO          993    i.vTaskSuspendAll   tasks.o
    0x080020fc   0x080020fc   0x0000005c   Code   RO          994    i.vTaskSwitchContext  tasks.o
    0x08002158   0x08002158   0x00000084   Code   RO         1385    i.xPortStartScheduler  port.o
    0x080021dc   0x080021dc   0x00000064   Code   RO          801    i.xQueueGenericCreate  queue.o
    0x08002240   0x08002240   0x0000016c   Code   RO          802    i.xQueueGenericReceive  queue.o
    0x080023ac   0x080023ac   0x00000084   Code   RO          803    i.xQueueGenericReset  queue.o
    0x08002430   0x08002430   0x00000160   Code   RO          804    i.xQueueGenericSend  queue.o
    0x08002590   0x08002590   0x000000b6   Code   RO          805    i.xQueueGenericSendFromISR  queue.o
    0x08002646   0x08002646   0x00000002   PAD
    0x08002648   0x08002648   0x0000006c   Code   RO          995    i.xTaskCheckForTimeOut  tasks.o
    0x080026b4   0x080026b4   0x000001bc   Code   RO          996    i.xTaskGenericCreate  tasks.o
    0x08002870   0x08002870   0x0000001c   Code   RO          998    i.xTaskGetSchedulerState  tasks.o
    0x0800288c   0x0800288c   0x0000000c   Code   RO          999    i.xTaskGetTickCount  tasks.o
    0x08002898   0x08002898   0x000000cc   Code   RO         1001    i.xTaskIncrementTick  tasks.o
    0x08002964   0x08002964   0x00000084   Code   RO         1005    i.xTaskPriorityDisinherit  tasks.o
    0x080029e8   0x080029e8   0x00000074   Code   RO         1006    i.xTaskRemoveFromEventList  tasks.o
    0x08002a5c   0x08002a5c   0x000000c4   Code   RO         1008    i.xTaskResumeAll    tasks.o
    0x08002b20   0x08002b20   0x00000050   Code   RO         1261    i.xTimerCreateTimerTask  timers.o
    0x08002b70   0x08002b70   0x00000048   Code   RO         1262    i.xTimerGenericCommand  timers.o
    0x08002bb8   0x08002bb8   0x0000000a   Code   RO         3161    x$fpl$fpinit        fz_wm.l(fpinit.o)
    0x08002bc2   0x08002bc2   0x00000002   PAD
    0x08002bc4   0x08002bc4   0x00000030   Data   RO           12    .constdata          main.o
    0x08002bf4   0x08002bf4   0x00000008   Data   RO         2932    .constdata          system_stm32f4xx.o
    0x08002bfc   0x08002bfc   0x0000002e   Data   RO           13    .conststring        main.o
    0x08002c2a   0x08002c2a   0x00000002   PAD
    0x08002c2c   0x08002c2c   0x00000020   Data   RO         3197    Region$$Table       anon$$obj.o


    Execution Region RW_IRAM1 (Exec base: 0x20000000, Load base: 0x08002c4c, Size: 0x00013d40, Max: 0x00030000, ABSOLUTE)

    Exec Addr    Load Addr    Size         Type   Attr      Idx    E Section Name        Object

    0x20000000   0x08002c4c   0x00000018   Data   RW           15    .data               main.o
    0x20000018   0x08002c64   0x00000004   Data   RW          259    .data               itm_retarget .o
    0x2000001c   0x08002c68   0x0000000c   Data   RW          507    .data               cli.o
    0x20000028   0x08002c74   0x00000044   Data   RW          546    .data               trace.o
    0x2000006c   0x08002cb8   0x00000038   Data   RW         1011    .data               tasks.o
    0x200000a4   0x08002cf0   0x00000010   Data   RW         1265    .data               timers.o
    0x200000b4   0x08002d00   0x00000018   Data   RW         1345    .data               heap_2.o
    0x200000cc   0x08002d18   0x0000000c   Data   RW         1386    .data               port.o
    0x200000d8   0x08002d24   0x0000000c   Data   RW         1471    .data               stm32f4xx_hal.o
    0x200000e4   0x08002d30   0x00000004   Data   RW         2933    .data               system_stm32f4xx.o
    0x200000e8        -       0x00000860   Zero   RW          386    .bss                usart.o
    0x20000948        -       0x00000064   Zero   RW          506    .bss                cli.o
    0x200009ac        -       0x00000040   Zero   RW          813    .bss                queue.o
    0x200009ec        -       0x000000c8   Zero   RW         1010    .bss                tasks.o
    0x20000ab4        -       0x00000028   Zero   RW         1264    .bss                timers.o
    0x20000adc        -       0x00012c00   Zero   RW         1344    .bss                heap_2.o
    0x200136dc        -       0x00000060   Zero   RW         3085    .bss                c_w.l(libspace.o)
    0x2001373c   0x08002d34   0x00000004   PAD
    0x20013740        -       0x00000200   Zero   RW         2920    HEAP                startup_stm32f429xx.o
    0x20013940        -       0x00000400   Zero   RW         2919    STACK               startup_stm32f429xx.o


==============================================================================

Image component sizes


      Code (inc. data)   RO Data    RW Data    ZI Data      Debug   Object Name

       404        118          0         12        100       3039   cli.o
         8          0          0          0          0        867   core.o
         0          0          0          0          0      11124   event_groups.o
       244         18          0         24      76800       3115   heap_2.o
        48          4          0          4          0      33214   itm_retarget .o
       136          0          0          0          0       3046   list.o
       758        268         94         24          0     725460   main.o
       662         80          0         12          0       8173   port.o
      1474         22          0          0         64      17261   queue.o
       126          0          0          0          0       2848   ring_buffer.o
        64         26        428          0       1536        856   startup_stm32f429xx.o
       118         14          0         12          0       3599   stm32f4xx_hal.o
       198         14          0          0          0      33907   stm32f4xx_hal_cortex.o
       478         52          0          0          0       3261   stm32f4xx_hal_gpio.o
        64         24          0          0          0       2024   stm32f4xx_hal_rcc.o
       782          8          0          0          0       2216   stm32f4xx_hal_uart.o
        84         18          8          4          0       1327   system_stm32f4xx.o
      2308        196          0         56        200      20680   tasks.o
       844         84          0         16         40      13339   timers.o
       128         14          0         68          0       1779   trace.o
       504         82          0          0       2144       4880   usart.o

    ----------------------------------------------------------------------
      9444       1042        564        232      80884     896015   Object Totals
         0          0         32          0          0          0   (incl. Generated)
        12          0          2          0          0          0   (incl. Padding)

    ----------------------------------------------------------------------

      Code (inc. data)   RO Data    RW Data    ZI Data      Debug   Library Member Name

         8          0          0          0          0         68   __main.o
       104          0          0          0          0         84   __printf.o
         0          0          0          0          0          0   __rtentry.o
        12          0          0          0          0          0   __rtentry2.o
         6          0          0          0          0          0   __rtentry4.o
        52          8          0          0          0          0   __scatter.o
        26          0          0          0          0          0   __scatter_copy.o
        28          0          0          0          0          0   __scatter_zi.o
        48          6          0          0          0         96   _printf_char_common.o
        36          4          0          0          0         80   _printf_char_file.o
         0          0          0          0          0          0   _printf_percent.o
         4          0          0          0          0          0   _printf_percent_end.o
        22          0          0          0          0         80   abort.o
        16          0          0          0          0         68   aeabi_memset.o
        48         34          0          0          0         76   defsig_abrt_inner.o
        14          0          0          0          0         80   defsig_abrt_outer.o
        10          0          0          0          0         68   defsig_exit.o
        50          0          0          0          0         88   defsig_general.o
        18          0          0          0          0         80   exit.o
         8          0          0          0          0         68   ferror.o
         6          0          0          0          0        152   heapauxi.o
         2          0          0          0          0          0   libinit.o
         6          0          0          0          0          0   libinit2.o
         2          0          0          0          0          0   libshutdown.o
         2          0          0          0          0          0   libshutdown2.o
         8          4          0          0         96         68   libspace.o
        88          0          0          0          0         76   memcmp.o
        24          4          0          0          0         84   noretval__2printf.o
        68          0          0          0          0         68   rt_memclr.o
        78          0          0          0          0         80   rt_memclr_w.o
       138          0          0          0          0         68   rt_memcpy_v6.o
       100          0          0          0          0         80   rt_memcpy_w.o
         2          0          0          0          0          0   rtexit.o
        10          0          0          0          0          0   rtexit2.o
       128          0          0          0          0         68   strcmpv7m.o
        62          0          0          0          0         76   strlen.o
        74          0          0          0          0         80   sys_stackheap_outer.o
        10          0          0          0          0        116   fpinit.o

    ----------------------------------------------------------------------
      1332         60          0          0        100       1952   Library Totals
        14          0          0          0          4          0   (incl. Padding)

    ----------------------------------------------------------------------

      Code (inc. data)   RO Data    RW Data    ZI Data      Debug   Library Name

      1308         60          0          0         96       1836   c_w.l
        10          0          0          0          0        116   fz_wm.l

    ----------------------------------------------------------------------
      1332         60          0          0        100       1952   Library Totals

    ----------------------------------------------------------------------

==============================================================================


      Code (inc. data)   RO Data    RW Data    ZI Data      Debug   

     10776       1102        564        232      80984     887679   Grand Totals
     10776       1102        564        232      80984     887679   ELF Image Totals
     10776       1102        564        232          0          0   ROM Totals

==============================================================================

    Total RO  Size (Code + RO Data)                11340 (  11.07kB)
    Total RW  Size (RW Data + ZI Data)             81216 (  79.31kB)
    Total ROM Size (Code + RO Data + RW Data)      11572 (  11.30kB)

==============================================================================

